Archive member included to satisfy reference by file (symbol)

.pio/build/ATtiny1616/libFrameworkArduino.a(UART.cpp.o)
                              .pio/build/ATtiny1616/src/ADF4351-master/ADF4351.cpp.o (symbol from plugin) (_ZN14HardwareSerial9availableEv)
.pio/build/ATtiny1616/libFrameworkArduino.a(UART0.cpp.o)
                              .pio/build/ATtiny1616/src/ADF4351-master/ADF4351.cpp.o (symbol from plugin) (Serial0)
.pio/build/ATtiny1616/libFrameworkArduino.a(Print.cpp.o)
                              UART.cpp.o (symbol from plugin) (_ZN5Print5writeEPKhj)
.pio/build/ATtiny1616/libFrameworkArduino.a(main.cpp.o)
                              /home/jeff/.platformio/packages/toolchain-atmelavr/bin/../lib/gcc/avr/7.3.0/../../../../avr/lib/avrxmega3/crtattiny1616.o (main)
.pio/build/ATtiny1616/libFrameworkArduino.a(wiring.c.o)
                              .pio/build/ATtiny1616/src/ADF4351-master/ADF4351.cpp.o (symbol from plugin) (delay)
.pio/build/ATtiny1616/libFrameworkArduino.a(wiring_digital.c.o)
                              .pio/build/ATtiny1616/src/ADF4351-master/ADF4351.cpp.o (symbol from plugin) (pinMode)
.pio/build/ATtiny1616/libFrameworkArduino.a(abi.cpp.o)
                              Print.cpp.o (symbol from plugin) (__cxa_pure_virtual)
/home/jeff/.platformio/packages/toolchain-atmelavr/bin/../lib/gcc/avr/7.3.0/avrxmega3/libgcc.a(_exit.o)
                              /home/jeff/.platformio/packages/toolchain-atmelavr/bin/../lib/gcc/avr/7.3.0/../../../../avr/lib/avrxmega3/crtattiny1616.o (exit)
/home/jeff/.platformio/packages/toolchain-atmelavr/bin/../lib/gcc/avr/7.3.0/../../../../avr/lib/avrxmega3/libc.a(vfprintf_p.o)
                              Print.cpp.o (symbol from plugin) (vfprintf_P)
/home/jeff/.platformio/packages/toolchain-atmelavr/bin/../lib/gcc/avr/7.3.0/../../../../avr/lib/avrxmega3/libc.a(vfprintf_std.o)
                              /home/jeff/.platformio/packages/toolchain-atmelavr/bin/../lib/gcc/avr/7.3.0/../../../../avr/lib/avrxmega3/libc.a(vfprintf_p.o) (vfprintf)
/home/jeff/.platformio/packages/toolchain-atmelavr/bin/../lib/gcc/avr/7.3.0/../../../../avr/lib/avrxmega3/libc.a(strnlen_P.o)
                              /home/jeff/.platformio/packages/toolchain-atmelavr/bin/../lib/gcc/avr/7.3.0/../../../../avr/lib/avrxmega3/libc.a(vfprintf_std.o) (strnlen_P)
/home/jeff/.platformio/packages/toolchain-atmelavr/bin/../lib/gcc/avr/7.3.0/../../../../avr/lib/avrxmega3/libc.a(strnlen.o)
                              /home/jeff/.platformio/packages/toolchain-atmelavr/bin/../lib/gcc/avr/7.3.0/../../../../avr/lib/avrxmega3/libc.a(vfprintf_std.o) (strnlen)
/home/jeff/.platformio/packages/toolchain-atmelavr/bin/../lib/gcc/avr/7.3.0/../../../../avr/lib/avrxmega3/libc.a(fputc.o)
                              /home/jeff/.platformio/packages/toolchain-atmelavr/bin/../lib/gcc/avr/7.3.0/../../../../avr/lib/avrxmega3/libc.a(vfprintf_std.o) (fputc)
/home/jeff/.platformio/packages/toolchain-atmelavr/bin/../lib/gcc/avr/7.3.0/../../../../avr/lib/avrxmega3/libc.a(ultoa_invert.o)
                              /home/jeff/.platformio/packages/toolchain-atmelavr/bin/../lib/gcc/avr/7.3.0/../../../../avr/lib/avrxmega3/libc.a(vfprintf_std.o) (__ultoa_invert)
/home/jeff/.platformio/packages/toolchain-atmelavr/bin/../lib/gcc/avr/7.3.0/avrxmega3/libgcc.a(_prologue.o)
                              /home/jeff/.platformio/packages/toolchain-atmelavr/bin/../lib/gcc/avr/7.3.0/../../../../avr/lib/avrxmega3/libc.a(vfprintf_std.o) (__prologue_saves__)
/home/jeff/.platformio/packages/toolchain-atmelavr/bin/../lib/gcc/avr/7.3.0/avrxmega3/libgcc.a(_epilogue.o)
                              /home/jeff/.platformio/packages/toolchain-atmelavr/bin/../lib/gcc/avr/7.3.0/../../../../avr/lib/avrxmega3/libc.a(vfprintf_std.o) (__epilogue_restores__)
/home/jeff/.platformio/packages/toolchain-atmelavr/bin/../lib/gcc/avr/7.3.0/avrxmega3/libgcc.a(_udivmodsi4.o)
                              /tmp/ccA473TX.ltrans0.ltrans.o (__udivmodsi4)
/home/jeff/.platformio/packages/toolchain-atmelavr/bin/../lib/gcc/avr/7.3.0/avrxmega3/libgcc.a(_copy_data.o)
                              /tmp/ccA473TX.ltrans0.ltrans.o (__do_copy_data)
/home/jeff/.platformio/packages/toolchain-atmelavr/bin/../lib/gcc/avr/7.3.0/avrxmega3/libgcc.a(_clear_bss.o)
                              /tmp/ccA473TX.ltrans0.ltrans.o (__do_clear_bss)
/home/jeff/.platformio/packages/toolchain-atmelavr/bin/../lib/gcc/avr/7.3.0/avrxmega3/libgcc.a(_ctors.o)
                              /tmp/ccA473TX.ltrans0.ltrans.o (__do_global_ctors)
/home/jeff/.platformio/packages/toolchain-atmelavr/bin/../lib/gcc/avr/7.3.0/avrxmega3/libgcc.a(_muluhisi3.o)
                              /tmp/ccA473TX.ltrans0.ltrans.o (__muluhisi3)
/home/jeff/.platformio/packages/toolchain-atmelavr/bin/../lib/gcc/avr/7.3.0/avrxmega3/libgcc.a(_muldi3.o)
                              /tmp/ccA473TX.ltrans0.ltrans.o (__muldi3)
/home/jeff/.platformio/packages/toolchain-atmelavr/bin/../lib/gcc/avr/7.3.0/avrxmega3/libgcc.a(_muldi3_6.o)
                              /home/jeff/.platformio/packages/toolchain-atmelavr/bin/../lib/gcc/avr/7.3.0/avrxmega3/libgcc.a(_muldi3.o) (__muldi3_6)
/home/jeff/.platformio/packages/toolchain-atmelavr/bin/../lib/gcc/avr/7.3.0/avrxmega3/libgcc.a(_divdi3.o)
                              /tmp/ccA473TX.ltrans0.ltrans.o (__divdi3)
/home/jeff/.platformio/packages/toolchain-atmelavr/bin/../lib/gcc/avr/7.3.0/avrxmega3/libgcc.a(_udivdi3.o)
                              /tmp/ccA473TX.ltrans0.ltrans.o (__umoddi3)
/home/jeff/.platformio/packages/toolchain-atmelavr/bin/../lib/gcc/avr/7.3.0/avrxmega3/libgcc.a(_udivmod64.o)
                              /home/jeff/.platformio/packages/toolchain-atmelavr/bin/../lib/gcc/avr/7.3.0/avrxmega3/libgcc.a(_divdi3.o) (__udivmod64)
/home/jeff/.platformio/packages/toolchain-atmelavr/bin/../lib/gcc/avr/7.3.0/avrxmega3/libgcc.a(_negdi2.o)
                              /home/jeff/.platformio/packages/toolchain-atmelavr/bin/../lib/gcc/avr/7.3.0/avrxmega3/libgcc.a(_divdi3.o) (__negdi2)
/home/jeff/.platformio/packages/toolchain-atmelavr/bin/../lib/gcc/avr/7.3.0/avrxmega3/libgcc.a(_adddi3_s8.o)
                              /tmp/ccA473TX.ltrans0.ltrans.o (__adddi3_s8)
/home/jeff/.platformio/packages/toolchain-atmelavr/bin/../lib/gcc/avr/7.3.0/avrxmega3/libgcc.a(_tablejump2.o)
                              /home/jeff/.platformio/packages/toolchain-atmelavr/bin/../lib/gcc/avr/7.3.0/avrxmega3/libgcc.a(_ctors.o) (__tablejump2__)
/home/jeff/.platformio/packages/toolchain-atmelavr/bin/../lib/gcc/avr/7.3.0/avrxmega3/libgcc.a(_umulhisi3.o)
                              /home/jeff/.platformio/packages/toolchain-atmelavr/bin/../lib/gcc/avr/7.3.0/avrxmega3/libgcc.a(_muluhisi3.o) (__umulhisi3)
/home/jeff/.platformio/packages/toolchain-atmelavr/bin/../lib/gcc/avr/7.3.0/../../../../avr/lib/avrxmega3/libm.a(addsf3.o)
                              /tmp/ccA473TX.ltrans0.ltrans.o (__subsf3)
/home/jeff/.platformio/packages/toolchain-atmelavr/bin/../lib/gcc/avr/7.3.0/../../../../avr/lib/avrxmega3/libm.a(addsf3x.o)
                              /home/jeff/.platformio/packages/toolchain-atmelavr/bin/../lib/gcc/avr/7.3.0/../../../../avr/lib/avrxmega3/libm.a(addsf3.o) (__addsf3x)
/home/jeff/.platformio/packages/toolchain-atmelavr/bin/../lib/gcc/avr/7.3.0/../../../../avr/lib/avrxmega3/libm.a(cmpsf2.o)
                              /tmp/ccA473TX.ltrans0.ltrans.o (__ltsf2)
/home/jeff/.platformio/packages/toolchain-atmelavr/bin/../lib/gcc/avr/7.3.0/../../../../avr/lib/avrxmega3/libm.a(divsf3.o)
                              /tmp/ccA473TX.ltrans0.ltrans.o (__divsf3)
/home/jeff/.platformio/packages/toolchain-atmelavr/bin/../lib/gcc/avr/7.3.0/../../../../avr/lib/avrxmega3/libm.a(divsf3x.o)
                              /home/jeff/.platformio/packages/toolchain-atmelavr/bin/../lib/gcc/avr/7.3.0/../../../../avr/lib/avrxmega3/libm.a(divsf3.o) (__divsf3x)
/home/jeff/.platformio/packages/toolchain-atmelavr/bin/../lib/gcc/avr/7.3.0/../../../../avr/lib/avrxmega3/libm.a(fixunssfsi.o)
                              /tmp/ccA473TX.ltrans0.ltrans.o (__fixunssfsi)
/home/jeff/.platformio/packages/toolchain-atmelavr/bin/../lib/gcc/avr/7.3.0/../../../../avr/lib/avrxmega3/libm.a(floatsisf.o)
                              /tmp/ccA473TX.ltrans0.ltrans.o (__floatunsisf)
/home/jeff/.platformio/packages/toolchain-atmelavr/bin/../lib/gcc/avr/7.3.0/../../../../avr/lib/avrxmega3/libm.a(fp_cmp.o)
                              /home/jeff/.platformio/packages/toolchain-atmelavr/bin/../lib/gcc/avr/7.3.0/../../../../avr/lib/avrxmega3/libm.a(cmpsf2.o) (__fp_cmp)
/home/jeff/.platformio/packages/toolchain-atmelavr/bin/../lib/gcc/avr/7.3.0/../../../../avr/lib/avrxmega3/libm.a(fp_inf.o)
                              /home/jeff/.platformio/packages/toolchain-atmelavr/bin/../lib/gcc/avr/7.3.0/../../../../avr/lib/avrxmega3/libm.a(addsf3x.o) (__fp_inf)
/home/jeff/.platformio/packages/toolchain-atmelavr/bin/../lib/gcc/avr/7.3.0/../../../../avr/lib/avrxmega3/libm.a(fp_nan.o)
                              /home/jeff/.platformio/packages/toolchain-atmelavr/bin/../lib/gcc/avr/7.3.0/../../../../avr/lib/avrxmega3/libm.a(addsf3x.o) (__fp_nan)
/home/jeff/.platformio/packages/toolchain-atmelavr/bin/../lib/gcc/avr/7.3.0/../../../../avr/lib/avrxmega3/libm.a(fp_pscA.o)
                              /home/jeff/.platformio/packages/toolchain-atmelavr/bin/../lib/gcc/avr/7.3.0/../../../../avr/lib/avrxmega3/libm.a(addsf3x.o) (__fp_pscA)
/home/jeff/.platformio/packages/toolchain-atmelavr/bin/../lib/gcc/avr/7.3.0/../../../../avr/lib/avrxmega3/libm.a(fp_pscB.o)
                              /home/jeff/.platformio/packages/toolchain-atmelavr/bin/../lib/gcc/avr/7.3.0/../../../../avr/lib/avrxmega3/libm.a(addsf3x.o) (__fp_pscB)
/home/jeff/.platformio/packages/toolchain-atmelavr/bin/../lib/gcc/avr/7.3.0/../../../../avr/lib/avrxmega3/libm.a(fp_round.o)
                              /home/jeff/.platformio/packages/toolchain-atmelavr/bin/../lib/gcc/avr/7.3.0/../../../../avr/lib/avrxmega3/libm.a(addsf3.o) (__fp_round)
/home/jeff/.platformio/packages/toolchain-atmelavr/bin/../lib/gcc/avr/7.3.0/../../../../avr/lib/avrxmega3/libm.a(fp_split3.o)
                              /home/jeff/.platformio/packages/toolchain-atmelavr/bin/../lib/gcc/avr/7.3.0/../../../../avr/lib/avrxmega3/libm.a(addsf3x.o) (__fp_split3)
/home/jeff/.platformio/packages/toolchain-atmelavr/bin/../lib/gcc/avr/7.3.0/../../../../avr/lib/avrxmega3/libm.a(fp_zero.o)
                              /home/jeff/.platformio/packages/toolchain-atmelavr/bin/../lib/gcc/avr/7.3.0/../../../../avr/lib/avrxmega3/libm.a(addsf3x.o) (__fp_zero)
/home/jeff/.platformio/packages/toolchain-atmelavr/bin/../lib/gcc/avr/7.3.0/../../../../avr/lib/avrxmega3/libm.a(gesf2.o)
                              /tmp/ccA473TX.ltrans0.ltrans.o (__gtsf2)
/home/jeff/.platformio/packages/toolchain-atmelavr/bin/../lib/gcc/avr/7.3.0/../../../../avr/lib/avrxmega3/libm.a(mulsf3.o)
                              /tmp/ccA473TX.ltrans0.ltrans.o (__mulsf3)
/home/jeff/.platformio/packages/toolchain-atmelavr/bin/../lib/gcc/avr/7.3.0/../../../../avr/lib/avrxmega3/libm.a(mulsf3x.o)
                              /home/jeff/.platformio/packages/toolchain-atmelavr/bin/../lib/gcc/avr/7.3.0/../../../../avr/lib/avrxmega3/libm.a(mulsf3.o) (__mulsf3x)
/home/jeff/.platformio/packages/toolchain-atmelavr/bin/../lib/gcc/avr/7.3.0/../../../../avr/lib/avrxmega3/libm.a(unordsf2.o)
                              /tmp/ccA473TX.ltrans0.ltrans.o (__unordsf2)

Allocating common symbols
Common symbol       size              file

timingStruct        0xa               wiring.c.o (symbol from plugin)

Discarded input sections

 .data          0x0000000000000000        0x0 /home/jeff/.platformio/packages/toolchain-atmelavr/bin/../lib/gcc/avr/7.3.0/../../../../avr/lib/avrxmega3/crtattiny1616.o
 .bss           0x0000000000000000        0x0 /home/jeff/.platformio/packages/toolchain-atmelavr/bin/../lib/gcc/avr/7.3.0/../../../../avr/lib/avrxmega3/crtattiny1616.o
 .text          0x0000000000000000        0x0 .pio/build/ATtiny1616/src/ADF4351-master/ADF4351.cpp.o (symbol from plugin)
 .gnu.linkonce.t._ZN14HardwareSerial5beginEm
                0x0000000000000000        0x0 .pio/build/ATtiny1616/src/ADF4351-master/ADF4351.cpp.o (symbol from plugin)
 .text          0x0000000000000000        0x0 UART.cpp.o (symbol from plugin)
 .gnu.linkonce.t._ZN14HardwareSerial5writeEi
                0x0000000000000000        0x0 UART.cpp.o (symbol from plugin)
 .gnu.linkonce.t._ZTV14HardwareSerial
                0x0000000000000000        0x0 UART.cpp.o (symbol from plugin)
 .text          0x0000000000000000        0x0 UART0.cpp.o (symbol from plugin)
 .text          0x0000000000000000        0x0 Print.cpp.o (symbol from plugin)
 .gnu.linkonce.t._ZN5Print17availableForWriteEv
                0x0000000000000000        0x0 Print.cpp.o (symbol from plugin)
 .gnu.linkonce.t._ZN5Print5flushEv
                0x0000000000000000        0x0 Print.cpp.o (symbol from plugin)
 .gnu.linkonce.t._ZN5Print5writeEPKc
                0x0000000000000000        0x0 Print.cpp.o (symbol from plugin)
 .gnu.linkonce.t._ZN5Print5writeEPKcj
                0x0000000000000000        0x0 Print.cpp.o (symbol from plugin)
 .gnu.linkonce.t._ZTV5Print
                0x0000000000000000        0x0 Print.cpp.o (symbol from plugin)
 .text          0x0000000000000000        0x0 main.cpp.o (symbol from plugin)
 .text          0x0000000000000000        0x0 wiring.c.o (symbol from plugin)
 .text          0x0000000000000000        0x0 wiring_digital.c.o (symbol from plugin)
 .text          0x0000000000000000        0x0 abi.cpp.o (symbol from plugin)
 .text          0x0000000000000000        0x0 /home/jeff/.platformio/packages/toolchain-atmelavr/bin/../lib/gcc/avr/7.3.0/avrxmega3/libgcc.a(_exit.o)
 .data          0x0000000000000000        0x0 /home/jeff/.platformio/packages/toolchain-atmelavr/bin/../lib/gcc/avr/7.3.0/avrxmega3/libgcc.a(_exit.o)
 .bss           0x0000000000000000        0x0 /home/jeff/.platformio/packages/toolchain-atmelavr/bin/../lib/gcc/avr/7.3.0/avrxmega3/libgcc.a(_exit.o)
 .text.libgcc.mul
                0x0000000000000000        0x0 /home/jeff/.platformio/packages/toolchain-atmelavr/bin/../lib/gcc/avr/7.3.0/avrxmega3/libgcc.a(_exit.o)
 .text.libgcc.div
                0x0000000000000000        0x0 /home/jeff/.platformio/packages/toolchain-atmelavr/bin/../lib/gcc/avr/7.3.0/avrxmega3/libgcc.a(_exit.o)
 .text.libgcc   0x0000000000000000        0x0 /home/jeff/.platformio/packages/toolchain-atmelavr/bin/../lib/gcc/avr/7.3.0/avrxmega3/libgcc.a(_exit.o)
 .text.libgcc.prologue
                0x0000000000000000        0x0 /home/jeff/.platformio/packages/toolchain-atmelavr/bin/../lib/gcc/avr/7.3.0/avrxmega3/libgcc.a(_exit.o)
 .text.libgcc.builtins
                0x0000000000000000        0x0 /home/jeff/.platformio/packages/toolchain-atmelavr/bin/../lib/gcc/avr/7.3.0/avrxmega3/libgcc.a(_exit.o)
 .text.libgcc.fmul
                0x0000000000000000        0x0 /home/jeff/.platformio/packages/toolchain-atmelavr/bin/../lib/gcc/avr/7.3.0/avrxmega3/libgcc.a(_exit.o)
 .text.libgcc.fixed
                0x0000000000000000        0x0 /home/jeff/.platformio/packages/toolchain-atmelavr/bin/../lib/gcc/avr/7.3.0/avrxmega3/libgcc.a(_exit.o)
 .text          0x0000000000000000        0x0 /home/jeff/.platformio/packages/toolchain-atmelavr/bin/../lib/gcc/avr/7.3.0/../../../../avr/lib/avrxmega3/libc.a(vfprintf_p.o)
 .data          0x0000000000000000        0x0 /home/jeff/.platformio/packages/toolchain-atmelavr/bin/../lib/gcc/avr/7.3.0/../../../../avr/lib/avrxmega3/libc.a(vfprintf_p.o)
 .bss           0x0000000000000000        0x0 /home/jeff/.platformio/packages/toolchain-atmelavr/bin/../lib/gcc/avr/7.3.0/../../../../avr/lib/avrxmega3/libc.a(vfprintf_p.o)
 .text.avr-libc
                0x0000000000000000       0x1e /home/jeff/.platformio/packages/toolchain-atmelavr/bin/../lib/gcc/avr/7.3.0/../../../../avr/lib/avrxmega3/libc.a(vfprintf_p.o)
 .comment       0x0000000000000000       0x12 /home/jeff/.platformio/packages/toolchain-atmelavr/bin/../lib/gcc/avr/7.3.0/../../../../avr/lib/avrxmega3/libc.a(vfprintf_p.o)
 .text          0x0000000000000000        0x0 /home/jeff/.platformio/packages/toolchain-atmelavr/bin/../lib/gcc/avr/7.3.0/../../../../avr/lib/avrxmega3/libc.a(vfprintf_std.o)
 .data          0x0000000000000000        0x0 /home/jeff/.platformio/packages/toolchain-atmelavr/bin/../lib/gcc/avr/7.3.0/../../../../avr/lib/avrxmega3/libc.a(vfprintf_std.o)
 .bss           0x0000000000000000        0x0 /home/jeff/.platformio/packages/toolchain-atmelavr/bin/../lib/gcc/avr/7.3.0/../../../../avr/lib/avrxmega3/libc.a(vfprintf_std.o)
 .text.avr-libc
                0x0000000000000000      0x3b4 /home/jeff/.platformio/packages/toolchain-atmelavr/bin/../lib/gcc/avr/7.3.0/../../../../avr/lib/avrxmega3/libc.a(vfprintf_std.o)
 .comment       0x0000000000000000       0x12 /home/jeff/.platformio/packages/toolchain-atmelavr/bin/../lib/gcc/avr/7.3.0/../../../../avr/lib/avrxmega3/libc.a(vfprintf_std.o)
 .text          0x0000000000000000        0x0 /home/jeff/.platformio/packages/toolchain-atmelavr/bin/../lib/gcc/avr/7.3.0/../../../../avr/lib/avrxmega3/libc.a(strnlen_P.o)
 .data          0x0000000000000000        0x0 /home/jeff/.platformio/packages/toolchain-atmelavr/bin/../lib/gcc/avr/7.3.0/../../../../avr/lib/avrxmega3/libc.a(strnlen_P.o)
 .bss           0x0000000000000000        0x0 /home/jeff/.platformio/packages/toolchain-atmelavr/bin/../lib/gcc/avr/7.3.0/../../../../avr/lib/avrxmega3/libc.a(strnlen_P.o)
 .text.avr-libc
                0x0000000000000000       0x16 /home/jeff/.platformio/packages/toolchain-atmelavr/bin/../lib/gcc/avr/7.3.0/../../../../avr/lib/avrxmega3/libc.a(strnlen_P.o)
 .text          0x0000000000000000        0x0 /home/jeff/.platformio/packages/toolchain-atmelavr/bin/../lib/gcc/avr/7.3.0/../../../../avr/lib/avrxmega3/libc.a(strnlen.o)
 .data          0x0000000000000000        0x0 /home/jeff/.platformio/packages/toolchain-atmelavr/bin/../lib/gcc/avr/7.3.0/../../../../avr/lib/avrxmega3/libc.a(strnlen.o)
 .bss           0x0000000000000000        0x0 /home/jeff/.platformio/packages/toolchain-atmelavr/bin/../lib/gcc/avr/7.3.0/../../../../avr/lib/avrxmega3/libc.a(strnlen.o)
 .text.avr-libc
                0x0000000000000000       0x16 /home/jeff/.platformio/packages/toolchain-atmelavr/bin/../lib/gcc/avr/7.3.0/../../../../avr/lib/avrxmega3/libc.a(strnlen.o)
 .text          0x0000000000000000        0x0 /home/jeff/.platformio/packages/toolchain-atmelavr/bin/../lib/gcc/avr/7.3.0/../../../../avr/lib/avrxmega3/libc.a(fputc.o)
 .data          0x0000000000000000        0x0 /home/jeff/.platformio/packages/toolchain-atmelavr/bin/../lib/gcc/avr/7.3.0/../../../../avr/lib/avrxmega3/libc.a(fputc.o)
 .bss           0x0000000000000000        0x0 /home/jeff/.platformio/packages/toolchain-atmelavr/bin/../lib/gcc/avr/7.3.0/../../../../avr/lib/avrxmega3/libc.a(fputc.o)
 .text.avr-libc
                0x0000000000000000       0x60 /home/jeff/.platformio/packages/toolchain-atmelavr/bin/../lib/gcc/avr/7.3.0/../../../../avr/lib/avrxmega3/libc.a(fputc.o)
 .comment       0x0000000000000000       0x12 /home/jeff/.platformio/packages/toolchain-atmelavr/bin/../lib/gcc/avr/7.3.0/../../../../avr/lib/avrxmega3/libc.a(fputc.o)
 .text          0x0000000000000000        0x0 /home/jeff/.platformio/packages/toolchain-atmelavr/bin/../lib/gcc/avr/7.3.0/../../../../avr/lib/avrxmega3/libc.a(ultoa_invert.o)
 .data          0x0000000000000000        0x0 /home/jeff/.platformio/packages/toolchain-atmelavr/bin/../lib/gcc/avr/7.3.0/../../../../avr/lib/avrxmega3/libc.a(ultoa_invert.o)
 .bss           0x0000000000000000        0x0 /home/jeff/.platformio/packages/toolchain-atmelavr/bin/../lib/gcc/avr/7.3.0/../../../../avr/lib/avrxmega3/libc.a(ultoa_invert.o)
 .text.avr-libc
                0x0000000000000000       0xbc /home/jeff/.platformio/packages/toolchain-atmelavr/bin/../lib/gcc/avr/7.3.0/../../../../avr/lib/avrxmega3/libc.a(ultoa_invert.o)
 .text          0x0000000000000000        0x0 /home/jeff/.platformio/packages/toolchain-atmelavr/bin/../lib/gcc/avr/7.3.0/avrxmega3/libgcc.a(_prologue.o)
 .data          0x0000000000000000        0x0 /home/jeff/.platformio/packages/toolchain-atmelavr/bin/../lib/gcc/avr/7.3.0/avrxmega3/libgcc.a(_prologue.o)
 .bss           0x0000000000000000        0x0 /home/jeff/.platformio/packages/toolchain-atmelavr/bin/../lib/gcc/avr/7.3.0/avrxmega3/libgcc.a(_prologue.o)
 .text.libgcc.mul
                0x0000000000000000        0x0 /home/jeff/.platformio/packages/toolchain-atmelavr/bin/../lib/gcc/avr/7.3.0/avrxmega3/libgcc.a(_prologue.o)
 .text.libgcc.div
                0x0000000000000000        0x0 /home/jeff/.platformio/packages/toolchain-atmelavr/bin/../lib/gcc/avr/7.3.0/avrxmega3/libgcc.a(_prologue.o)
 .text.libgcc   0x0000000000000000        0x0 /home/jeff/.platformio/packages/toolchain-atmelavr/bin/../lib/gcc/avr/7.3.0/avrxmega3/libgcc.a(_prologue.o)
 .text.libgcc.prologue
                0x0000000000000000       0x32 /home/jeff/.platformio/packages/toolchain-atmelavr/bin/../lib/gcc/avr/7.3.0/avrxmega3/libgcc.a(_prologue.o)
 .text.libgcc.builtins
                0x0000000000000000        0x0 /home/jeff/.platformio/packages/toolchain-atmelavr/bin/../lib/gcc/avr/7.3.0/avrxmega3/libgcc.a(_prologue.o)
 .text.libgcc.fmul
                0x0000000000000000        0x0 /home/jeff/.platformio/packages/toolchain-atmelavr/bin/../lib/gcc/avr/7.3.0/avrxmega3/libgcc.a(_prologue.o)
 .text.libgcc.fixed
                0x0000000000000000        0x0 /home/jeff/.platformio/packages/toolchain-atmelavr/bin/../lib/gcc/avr/7.3.0/avrxmega3/libgcc.a(_prologue.o)
 .debug_line    0x0000000000000000       0xec /home/jeff/.platformio/packages/toolchain-atmelavr/bin/../lib/gcc/avr/7.3.0/avrxmega3/libgcc.a(_prologue.o)
 .debug_info    0x0000000000000000       0x9b /home/jeff/.platformio/packages/toolchain-atmelavr/bin/../lib/gcc/avr/7.3.0/avrxmega3/libgcc.a(_prologue.o)
 .debug_abbrev  0x0000000000000000       0x14 /home/jeff/.platformio/packages/toolchain-atmelavr/bin/../lib/gcc/avr/7.3.0/avrxmega3/libgcc.a(_prologue.o)
 .debug_aranges
                0x0000000000000000       0x20 /home/jeff/.platformio/packages/toolchain-atmelavr/bin/../lib/gcc/avr/7.3.0/avrxmega3/libgcc.a(_prologue.o)
 .text          0x0000000000000000        0x0 /home/jeff/.platformio/packages/toolchain-atmelavr/bin/../lib/gcc/avr/7.3.0/avrxmega3/libgcc.a(_epilogue.o)
 .data          0x0000000000000000        0x0 /home/jeff/.platformio/packages/toolchain-atmelavr/bin/../lib/gcc/avr/7.3.0/avrxmega3/libgcc.a(_epilogue.o)
 .bss           0x0000000000000000        0x0 /home/jeff/.platformio/packages/toolchain-atmelavr/bin/../lib/gcc/avr/7.3.0/avrxmega3/libgcc.a(_epilogue.o)
 .text.libgcc.mul
                0x0000000000000000        0x0 /home/jeff/.platformio/packages/toolchain-atmelavr/bin/../lib/gcc/avr/7.3.0/avrxmega3/libgcc.a(_epilogue.o)
 .text.libgcc.div
                0x0000000000000000        0x0 /home/jeff/.platformio/packages/toolchain-atmelavr/bin/../lib/gcc/avr/7.3.0/avrxmega3/libgcc.a(_epilogue.o)
 .text.libgcc   0x0000000000000000        0x0 /home/jeff/.platformio/packages/toolchain-atmelavr/bin/../lib/gcc/avr/7.3.0/avrxmega3/libgcc.a(_epilogue.o)
 .text.libgcc.prologue
                0x0000000000000000       0x30 /home/jeff/.platformio/packages/toolchain-atmelavr/bin/../lib/gcc/avr/7.3.0/avrxmega3/libgcc.a(_epilogue.o)
 .text.libgcc.builtins
                0x0000000000000000        0x0 /home/jeff/.platformio/packages/toolchain-atmelavr/bin/../lib/gcc/avr/7.3.0/avrxmega3/libgcc.a(_epilogue.o)
 .text.libgcc.fmul
                0x0000000000000000        0x0 /home/jeff/.platformio/packages/toolchain-atmelavr/bin/../lib/gcc/avr/7.3.0/avrxmega3/libgcc.a(_epilogue.o)
 .text.libgcc.fixed
                0x0000000000000000        0x0 /home/jeff/.platformio/packages/toolchain-atmelavr/bin/../lib/gcc/avr/7.3.0/avrxmega3/libgcc.a(_epilogue.o)
 .debug_line    0x0000000000000000       0xe6 /home/jeff/.platformio/packages/toolchain-atmelavr/bin/../lib/gcc/avr/7.3.0/avrxmega3/libgcc.a(_epilogue.o)
 .debug_info    0x0000000000000000       0x9b /home/jeff/.platformio/packages/toolchain-atmelavr/bin/../lib/gcc/avr/7.3.0/avrxmega3/libgcc.a(_epilogue.o)
 .debug_abbrev  0x0000000000000000       0x14 /home/jeff/.platformio/packages/toolchain-atmelavr/bin/../lib/gcc/avr/7.3.0/avrxmega3/libgcc.a(_epilogue.o)
 .debug_aranges
                0x0000000000000000       0x20 /home/jeff/.platformio/packages/toolchain-atmelavr/bin/../lib/gcc/avr/7.3.0/avrxmega3/libgcc.a(_epilogue.o)
 .text          0x0000000000000000        0x0 /home/jeff/.platformio/packages/toolchain-atmelavr/bin/../lib/gcc/avr/7.3.0/avrxmega3/libgcc.a(_udivmodsi4.o)
 .data          0x0000000000000000        0x0 /home/jeff/.platformio/packages/toolchain-atmelavr/bin/../lib/gcc/avr/7.3.0/avrxmega3/libgcc.a(_udivmodsi4.o)
 .bss           0x0000000000000000        0x0 /home/jeff/.platformio/packages/toolchain-atmelavr/bin/../lib/gcc/avr/7.3.0/avrxmega3/libgcc.a(_udivmodsi4.o)
 .text.libgcc.mul
                0x0000000000000000        0x0 /home/jeff/.platformio/packages/toolchain-atmelavr/bin/../lib/gcc/avr/7.3.0/avrxmega3/libgcc.a(_udivmodsi4.o)
 .text.libgcc   0x0000000000000000        0x0 /home/jeff/.platformio/packages/toolchain-atmelavr/bin/../lib/gcc/avr/7.3.0/avrxmega3/libgcc.a(_udivmodsi4.o)
 .text.libgcc.prologue
                0x0000000000000000        0x0 /home/jeff/.platformio/packages/toolchain-atmelavr/bin/../lib/gcc/avr/7.3.0/avrxmega3/libgcc.a(_udivmodsi4.o)
 .text.libgcc.builtins
                0x0000000000000000        0x0 /home/jeff/.platformio/packages/toolchain-atmelavr/bin/../lib/gcc/avr/7.3.0/avrxmega3/libgcc.a(_udivmodsi4.o)
 .text.libgcc.fmul
                0x0000000000000000        0x0 /home/jeff/.platformio/packages/toolchain-atmelavr/bin/../lib/gcc/avr/7.3.0/avrxmega3/libgcc.a(_udivmodsi4.o)
 .text.libgcc.fixed
                0x0000000000000000        0x0 /home/jeff/.platformio/packages/toolchain-atmelavr/bin/../lib/gcc/avr/7.3.0/avrxmega3/libgcc.a(_udivmodsi4.o)
 .text          0x0000000000000000        0x0 /home/jeff/.platformio/packages/toolchain-atmelavr/bin/../lib/gcc/avr/7.3.0/avrxmega3/libgcc.a(_copy_data.o)
 .data          0x0000000000000000        0x0 /home/jeff/.platformio/packages/toolchain-atmelavr/bin/../lib/gcc/avr/7.3.0/avrxmega3/libgcc.a(_copy_data.o)
 .bss           0x0000000000000000        0x0 /home/jeff/.platformio/packages/toolchain-atmelavr/bin/../lib/gcc/avr/7.3.0/avrxmega3/libgcc.a(_copy_data.o)
 .text.libgcc.mul
                0x0000000000000000        0x0 /home/jeff/.platformio/packages/toolchain-atmelavr/bin/../lib/gcc/avr/7.3.0/avrxmega3/libgcc.a(_copy_data.o)
 .text.libgcc.div
                0x0000000000000000        0x0 /home/jeff/.platformio/packages/toolchain-atmelavr/bin/../lib/gcc/avr/7.3.0/avrxmega3/libgcc.a(_copy_data.o)
 .text.libgcc   0x0000000000000000        0x0 /home/jeff/.platformio/packages/toolchain-atmelavr/bin/../lib/gcc/avr/7.3.0/avrxmega3/libgcc.a(_copy_data.o)
 .text.libgcc.prologue
                0x0000000000000000        0x0 /home/jeff/.platformio/packages/toolchain-atmelavr/bin/../lib/gcc/avr/7.3.0/avrxmega3/libgcc.a(_copy_data.o)
 .text.libgcc.builtins
                0x0000000000000000        0x0 /home/jeff/.platformio/packages/toolchain-atmelavr/bin/../lib/gcc/avr/7.3.0/avrxmega3/libgcc.a(_copy_data.o)
 .text.libgcc.fmul
                0x0000000000000000        0x0 /home/jeff/.platformio/packages/toolchain-atmelavr/bin/../lib/gcc/avr/7.3.0/avrxmega3/libgcc.a(_copy_data.o)
 .text.libgcc.fixed
                0x0000000000000000        0x0 /home/jeff/.platformio/packages/toolchain-atmelavr/bin/../lib/gcc/avr/7.3.0/avrxmega3/libgcc.a(_copy_data.o)
 .text          0x0000000000000000        0x0 /home/jeff/.platformio/packages/toolchain-atmelavr/bin/../lib/gcc/avr/7.3.0/avrxmega3/libgcc.a(_clear_bss.o)
 .data          0x0000000000000000        0x0 /home/jeff/.platformio/packages/toolchain-atmelavr/bin/../lib/gcc/avr/7.3.0/avrxmega3/libgcc.a(_clear_bss.o)
 .bss           0x0000000000000000        0x0 /home/jeff/.platformio/packages/toolchain-atmelavr/bin/../lib/gcc/avr/7.3.0/avrxmega3/libgcc.a(_clear_bss.o)
 .text.libgcc.mul
                0x0000000000000000        0x0 /home/jeff/.platformio/packages/toolchain-atmelavr/bin/../lib/gcc/avr/7.3.0/avrxmega3/libgcc.a(_clear_bss.o)
 .text.libgcc.div
                0x0000000000000000        0x0 /home/jeff/.platformio/packages/toolchain-atmelavr/bin/../lib/gcc/avr/7.3.0/avrxmega3/libgcc.a(_clear_bss.o)
 .text.libgcc   0x0000000000000000        0x0 /home/jeff/.platformio/packages/toolchain-atmelavr/bin/../lib/gcc/avr/7.3.0/avrxmega3/libgcc.a(_clear_bss.o)
 .text.libgcc.prologue
                0x0000000000000000        0x0 /home/jeff/.platformio/packages/toolchain-atmelavr/bin/../lib/gcc/avr/7.3.0/avrxmega3/libgcc.a(_clear_bss.o)
 .text.libgcc.builtins
                0x0000000000000000        0x0 /home/jeff/.platformio/packages/toolchain-atmelavr/bin/../lib/gcc/avr/7.3.0/avrxmega3/libgcc.a(_clear_bss.o)
 .text.libgcc.fmul
                0x0000000000000000        0x0 /home/jeff/.platformio/packages/toolchain-atmelavr/bin/../lib/gcc/avr/7.3.0/avrxmega3/libgcc.a(_clear_bss.o)
 .text.libgcc.fixed
                0x0000000000000000        0x0 /home/jeff/.platformio/packages/toolchain-atmelavr/bin/../lib/gcc/avr/7.3.0/avrxmega3/libgcc.a(_clear_bss.o)
 .text          0x0000000000000000        0x0 /home/jeff/.platformio/packages/toolchain-atmelavr/bin/../lib/gcc/avr/7.3.0/avrxmega3/libgcc.a(_ctors.o)
 .data          0x0000000000000000        0x0 /home/jeff/.platformio/packages/toolchain-atmelavr/bin/../lib/gcc/avr/7.3.0/avrxmega3/libgcc.a(_ctors.o)
 .bss           0x0000000000000000        0x0 /home/jeff/.platformio/packages/toolchain-atmelavr/bin/../lib/gcc/avr/7.3.0/avrxmega3/libgcc.a(_ctors.o)
 .text.libgcc.mul
                0x0000000000000000        0x0 /home/jeff/.platformio/packages/toolchain-atmelavr/bin/../lib/gcc/avr/7.3.0/avrxmega3/libgcc.a(_ctors.o)
 .text.libgcc.div
                0x0000000000000000        0x0 /home/jeff/.platformio/packages/toolchain-atmelavr/bin/../lib/gcc/avr/7.3.0/avrxmega3/libgcc.a(_ctors.o)
 .text.libgcc   0x0000000000000000        0x0 /home/jeff/.platformio/packages/toolchain-atmelavr/bin/../lib/gcc/avr/7.3.0/avrxmega3/libgcc.a(_ctors.o)
 .text.libgcc.prologue
                0x0000000000000000        0x0 /home/jeff/.platformio/packages/toolchain-atmelavr/bin/../lib/gcc/avr/7.3.0/avrxmega3/libgcc.a(_ctors.o)
 .text.libgcc.builtins
                0x0000000000000000        0x0 /home/jeff/.platformio/packages/toolchain-atmelavr/bin/../lib/gcc/avr/7.3.0/avrxmega3/libgcc.a(_ctors.o)
 .text.libgcc.fmul
                0x0000000000000000        0x0 /home/jeff/.platformio/packages/toolchain-atmelavr/bin/../lib/gcc/avr/7.3.0/avrxmega3/libgcc.a(_ctors.o)
 .text.libgcc.fixed
                0x0000000000000000        0x0 /home/jeff/.platformio/packages/toolchain-atmelavr/bin/../lib/gcc/avr/7.3.0/avrxmega3/libgcc.a(_ctors.o)
 .text          0x0000000000000000        0x0 /home/jeff/.platformio/packages/toolchain-atmelavr/bin/../lib/gcc/avr/7.3.0/avrxmega3/libgcc.a(_muluhisi3.o)
 .data          0x0000000000000000        0x0 /home/jeff/.platformio/packages/toolchain-atmelavr/bin/../lib/gcc/avr/7.3.0/avrxmega3/libgcc.a(_muluhisi3.o)
 .bss           0x0000000000000000        0x0 /home/jeff/.platformio/packages/toolchain-atmelavr/bin/../lib/gcc/avr/7.3.0/avrxmega3/libgcc.a(_muluhisi3.o)
 .text.libgcc.div
                0x0000000000000000        0x0 /home/jeff/.platformio/packages/toolchain-atmelavr/bin/../lib/gcc/avr/7.3.0/avrxmega3/libgcc.a(_muluhisi3.o)
 .text.libgcc   0x0000000000000000        0x0 /home/jeff/.platformio/packages/toolchain-atmelavr/bin/../lib/gcc/avr/7.3.0/avrxmega3/libgcc.a(_muluhisi3.o)
 .text.libgcc.prologue
                0x0000000000000000        0x0 /home/jeff/.platformio/packages/toolchain-atmelavr/bin/../lib/gcc/avr/7.3.0/avrxmega3/libgcc.a(_muluhisi3.o)
 .text.libgcc.builtins
                0x0000000000000000        0x0 /home/jeff/.platformio/packages/toolchain-atmelavr/bin/../lib/gcc/avr/7.3.0/avrxmega3/libgcc.a(_muluhisi3.o)
 .text.libgcc.fmul
                0x0000000000000000        0x0 /home/jeff/.platformio/packages/toolchain-atmelavr/bin/../lib/gcc/avr/7.3.0/avrxmega3/libgcc.a(_muluhisi3.o)
 .text.libgcc.fixed
                0x0000000000000000        0x0 /home/jeff/.platformio/packages/toolchain-atmelavr/bin/../lib/gcc/avr/7.3.0/avrxmega3/libgcc.a(_muluhisi3.o)
 .text          0x0000000000000000        0x0 /home/jeff/.platformio/packages/toolchain-atmelavr/bin/../lib/gcc/avr/7.3.0/avrxmega3/libgcc.a(_muldi3.o)
 .data          0x0000000000000000        0x0 /home/jeff/.platformio/packages/toolchain-atmelavr/bin/../lib/gcc/avr/7.3.0/avrxmega3/libgcc.a(_muldi3.o)
 .bss           0x0000000000000000        0x0 /home/jeff/.platformio/packages/toolchain-atmelavr/bin/../lib/gcc/avr/7.3.0/avrxmega3/libgcc.a(_muldi3.o)
 .text.libgcc.div
                0x0000000000000000        0x0 /home/jeff/.platformio/packages/toolchain-atmelavr/bin/../lib/gcc/avr/7.3.0/avrxmega3/libgcc.a(_muldi3.o)
 .text.libgcc   0x0000000000000000        0x0 /home/jeff/.platformio/packages/toolchain-atmelavr/bin/../lib/gcc/avr/7.3.0/avrxmega3/libgcc.a(_muldi3.o)
 .text.libgcc.prologue
                0x0000000000000000        0x0 /home/jeff/.platformio/packages/toolchain-atmelavr/bin/../lib/gcc/avr/7.3.0/avrxmega3/libgcc.a(_muldi3.o)
 .text.libgcc.builtins
                0x0000000000000000        0x0 /home/jeff/.platformio/packages/toolchain-atmelavr/bin/../lib/gcc/avr/7.3.0/avrxmega3/libgcc.a(_muldi3.o)
 .text.libgcc.fmul
                0x0000000000000000        0x0 /home/jeff/.platformio/packages/toolchain-atmelavr/bin/../lib/gcc/avr/7.3.0/avrxmega3/libgcc.a(_muldi3.o)
 .text.libgcc.fixed
                0x0000000000000000        0x0 /home/jeff/.platformio/packages/toolchain-atmelavr/bin/../lib/gcc/avr/7.3.0/avrxmega3/libgcc.a(_muldi3.o)
 .text          0x0000000000000000        0x0 /home/jeff/.platformio/packages/toolchain-atmelavr/bin/../lib/gcc/avr/7.3.0/avrxmega3/libgcc.a(_muldi3_6.o)
 .data          0x0000000000000000        0x0 /home/jeff/.platformio/packages/toolchain-atmelavr/bin/../lib/gcc/avr/7.3.0/avrxmega3/libgcc.a(_muldi3_6.o)
 .bss           0x0000000000000000        0x0 /home/jeff/.platformio/packages/toolchain-atmelavr/bin/../lib/gcc/avr/7.3.0/avrxmega3/libgcc.a(_muldi3_6.o)
 .text.libgcc.div
                0x0000000000000000        0x0 /home/jeff/.platformio/packages/toolchain-atmelavr/bin/../lib/gcc/avr/7.3.0/avrxmega3/libgcc.a(_muldi3_6.o)
 .text.libgcc   0x0000000000000000        0x0 /home/jeff/.platformio/packages/toolchain-atmelavr/bin/../lib/gcc/avr/7.3.0/avrxmega3/libgcc.a(_muldi3_6.o)
 .text.libgcc.prologue
                0x0000000000000000        0x0 /home/jeff/.platformio/packages/toolchain-atmelavr/bin/../lib/gcc/avr/7.3.0/avrxmega3/libgcc.a(_muldi3_6.o)
 .text.libgcc.builtins
                0x0000000000000000        0x0 /home/jeff/.platformio/packages/toolchain-atmelavr/bin/../lib/gcc/avr/7.3.0/avrxmega3/libgcc.a(_muldi3_6.o)
 .text.libgcc.fmul
                0x0000000000000000        0x0 /home/jeff/.platformio/packages/toolchain-atmelavr/bin/../lib/gcc/avr/7.3.0/avrxmega3/libgcc.a(_muldi3_6.o)
 .text.libgcc.fixed
                0x0000000000000000        0x0 /home/jeff/.platformio/packages/toolchain-atmelavr/bin/../lib/gcc/avr/7.3.0/avrxmega3/libgcc.a(_muldi3_6.o)
 .text          0x0000000000000000        0x0 /home/jeff/.platformio/packages/toolchain-atmelavr/bin/../lib/gcc/avr/7.3.0/avrxmega3/libgcc.a(_divdi3.o)
 .data          0x0000000000000000        0x0 /home/jeff/.platformio/packages/toolchain-atmelavr/bin/../lib/gcc/avr/7.3.0/avrxmega3/libgcc.a(_divdi3.o)
 .bss           0x0000000000000000        0x0 /home/jeff/.platformio/packages/toolchain-atmelavr/bin/../lib/gcc/avr/7.3.0/avrxmega3/libgcc.a(_divdi3.o)
 .text.libgcc.mul
                0x0000000000000000        0x0 /home/jeff/.platformio/packages/toolchain-atmelavr/bin/../lib/gcc/avr/7.3.0/avrxmega3/libgcc.a(_divdi3.o)
 .text.libgcc.div
                0x0000000000000000       0x62 /home/jeff/.platformio/packages/toolchain-atmelavr/bin/../lib/gcc/avr/7.3.0/avrxmega3/libgcc.a(_divdi3.o)
 .text.libgcc   0x0000000000000000        0x0 /home/jeff/.platformio/packages/toolchain-atmelavr/bin/../lib/gcc/avr/7.3.0/avrxmega3/libgcc.a(_divdi3.o)
 .text.libgcc.prologue
                0x0000000000000000        0x0 /home/jeff/.platformio/packages/toolchain-atmelavr/bin/../lib/gcc/avr/7.3.0/avrxmega3/libgcc.a(_divdi3.o)
 .text.libgcc.builtins
                0x0000000000000000        0x0 /home/jeff/.platformio/packages/toolchain-atmelavr/bin/../lib/gcc/avr/7.3.0/avrxmega3/libgcc.a(_divdi3.o)
 .text.libgcc.fmul
                0x0000000000000000        0x0 /home/jeff/.platformio/packages/toolchain-atmelavr/bin/../lib/gcc/avr/7.3.0/avrxmega3/libgcc.a(_divdi3.o)
 .text.libgcc.fixed
                0x0000000000000000        0x0 /home/jeff/.platformio/packages/toolchain-atmelavr/bin/../lib/gcc/avr/7.3.0/avrxmega3/libgcc.a(_divdi3.o)
 .debug_line    0x0000000000000000       0xf2 /home/jeff/.platformio/packages/toolchain-atmelavr/bin/../lib/gcc/avr/7.3.0/avrxmega3/libgcc.a(_divdi3.o)
 .debug_info    0x0000000000000000       0x9b /home/jeff/.platformio/packages/toolchain-atmelavr/bin/../lib/gcc/avr/7.3.0/avrxmega3/libgcc.a(_divdi3.o)
 .debug_abbrev  0x0000000000000000       0x14 /home/jeff/.platformio/packages/toolchain-atmelavr/bin/../lib/gcc/avr/7.3.0/avrxmega3/libgcc.a(_divdi3.o)
 .debug_aranges
                0x0000000000000000       0x20 /home/jeff/.platformio/packages/toolchain-atmelavr/bin/../lib/gcc/avr/7.3.0/avrxmega3/libgcc.a(_divdi3.o)
 .text          0x0000000000000000        0x0 /home/jeff/.platformio/packages/toolchain-atmelavr/bin/../lib/gcc/avr/7.3.0/avrxmega3/libgcc.a(_udivdi3.o)
 .data          0x0000000000000000        0x0 /home/jeff/.platformio/packages/toolchain-atmelavr/bin/../lib/gcc/avr/7.3.0/avrxmega3/libgcc.a(_udivdi3.o)
 .bss           0x0000000000000000        0x0 /home/jeff/.platformio/packages/toolchain-atmelavr/bin/../lib/gcc/avr/7.3.0/avrxmega3/libgcc.a(_udivdi3.o)
 .text.libgcc.mul
                0x0000000000000000        0x0 /home/jeff/.platformio/packages/toolchain-atmelavr/bin/../lib/gcc/avr/7.3.0/avrxmega3/libgcc.a(_udivdi3.o)
 .text.libgcc   0x0000000000000000        0x0 /home/jeff/.platformio/packages/toolchain-atmelavr/bin/../lib/gcc/avr/7.3.0/avrxmega3/libgcc.a(_udivdi3.o)
 .text.libgcc.prologue
                0x0000000000000000        0x0 /home/jeff/.platformio/packages/toolchain-atmelavr/bin/../lib/gcc/avr/7.3.0/avrxmega3/libgcc.a(_udivdi3.o)
 .text.libgcc.builtins
                0x0000000000000000        0x0 /home/jeff/.platformio/packages/toolchain-atmelavr/bin/../lib/gcc/avr/7.3.0/avrxmega3/libgcc.a(_udivdi3.o)
 .text.libgcc.fmul
                0x0000000000000000        0x0 /home/jeff/.platformio/packages/toolchain-atmelavr/bin/../lib/gcc/avr/7.3.0/avrxmega3/libgcc.a(_udivdi3.o)
 .text.libgcc.fixed
                0x0000000000000000        0x0 /home/jeff/.platformio/packages/toolchain-atmelavr/bin/../lib/gcc/avr/7.3.0/avrxmega3/libgcc.a(_udivdi3.o)
 .text          0x0000000000000000        0x0 /home/jeff/.platformio/packages/toolchain-atmelavr/bin/../lib/gcc/avr/7.3.0/avrxmega3/libgcc.a(_udivmod64.o)
 .data          0x0000000000000000        0x0 /home/jeff/.platformio/packages/toolchain-atmelavr/bin/../lib/gcc/avr/7.3.0/avrxmega3/libgcc.a(_udivmod64.o)
 .bss           0x0000000000000000        0x0 /home/jeff/.platformio/packages/toolchain-atmelavr/bin/../lib/gcc/avr/7.3.0/avrxmega3/libgcc.a(_udivmod64.o)
 .text.libgcc.mul
                0x0000000000000000        0x0 /home/jeff/.platformio/packages/toolchain-atmelavr/bin/../lib/gcc/avr/7.3.0/avrxmega3/libgcc.a(_udivmod64.o)
 .text.libgcc   0x0000000000000000        0x0 /home/jeff/.platformio/packages/toolchain-atmelavr/bin/../lib/gcc/avr/7.3.0/avrxmega3/libgcc.a(_udivmod64.o)
 .text.libgcc.prologue
                0x0000000000000000        0x0 /home/jeff/.platformio/packages/toolchain-atmelavr/bin/../lib/gcc/avr/7.3.0/avrxmega3/libgcc.a(_udivmod64.o)
 .text.libgcc.builtins
                0x0000000000000000        0x0 /home/jeff/.platformio/packages/toolchain-atmelavr/bin/../lib/gcc/avr/7.3.0/avrxmega3/libgcc.a(_udivmod64.o)
 .text.libgcc.fmul
                0x0000000000000000        0x0 /home/jeff/.platformio/packages/toolchain-atmelavr/bin/../lib/gcc/avr/7.3.0/avrxmega3/libgcc.a(_udivmod64.o)
 .text.libgcc.fixed
                0x0000000000000000        0x0 /home/jeff/.platformio/packages/toolchain-atmelavr/bin/../lib/gcc/avr/7.3.0/avrxmega3/libgcc.a(_udivmod64.o)
 .text          0x0000000000000000        0x0 /home/jeff/.platformio/packages/toolchain-atmelavr/bin/../lib/gcc/avr/7.3.0/avrxmega3/libgcc.a(_negdi2.o)
 .data          0x0000000000000000        0x0 /home/jeff/.platformio/packages/toolchain-atmelavr/bin/../lib/gcc/avr/7.3.0/avrxmega3/libgcc.a(_negdi2.o)
 .bss           0x0000000000000000        0x0 /home/jeff/.platformio/packages/toolchain-atmelavr/bin/../lib/gcc/avr/7.3.0/avrxmega3/libgcc.a(_negdi2.o)
 .text.libgcc.mul
                0x0000000000000000        0x0 /home/jeff/.platformio/packages/toolchain-atmelavr/bin/../lib/gcc/avr/7.3.0/avrxmega3/libgcc.a(_negdi2.o)
 .text.libgcc.div
                0x0000000000000000        0x0 /home/jeff/.platformio/packages/toolchain-atmelavr/bin/../lib/gcc/avr/7.3.0/avrxmega3/libgcc.a(_negdi2.o)
 .text.libgcc   0x0000000000000000       0x20 /home/jeff/.platformio/packages/toolchain-atmelavr/bin/../lib/gcc/avr/7.3.0/avrxmega3/libgcc.a(_negdi2.o)
 .text.libgcc.prologue
                0x0000000000000000        0x0 /home/jeff/.platformio/packages/toolchain-atmelavr/bin/../lib/gcc/avr/7.3.0/avrxmega3/libgcc.a(_negdi2.o)
 .text.libgcc.builtins
                0x0000000000000000        0x0 /home/jeff/.platformio/packages/toolchain-atmelavr/bin/../lib/gcc/avr/7.3.0/avrxmega3/libgcc.a(_negdi2.o)
 .text.libgcc.fmul
                0x0000000000000000        0x0 /home/jeff/.platformio/packages/toolchain-atmelavr/bin/../lib/gcc/avr/7.3.0/avrxmega3/libgcc.a(_negdi2.o)
 .text.libgcc.fixed
                0x0000000000000000        0x0 /home/jeff/.platformio/packages/toolchain-atmelavr/bin/../lib/gcc/avr/7.3.0/avrxmega3/libgcc.a(_negdi2.o)
 .debug_line    0x0000000000000000       0x7a /home/jeff/.platformio/packages/toolchain-atmelavr/bin/../lib/gcc/avr/7.3.0/avrxmega3/libgcc.a(_negdi2.o)
 .debug_info    0x0000000000000000       0x9b /home/jeff/.platformio/packages/toolchain-atmelavr/bin/../lib/gcc/avr/7.3.0/avrxmega3/libgcc.a(_negdi2.o)
 .debug_abbrev  0x0000000000000000       0x14 /home/jeff/.platformio/packages/toolchain-atmelavr/bin/../lib/gcc/avr/7.3.0/avrxmega3/libgcc.a(_negdi2.o)
 .debug_aranges
                0x0000000000000000       0x20 /home/jeff/.platformio/packages/toolchain-atmelavr/bin/../lib/gcc/avr/7.3.0/avrxmega3/libgcc.a(_negdi2.o)
 .text          0x0000000000000000        0x0 /home/jeff/.platformio/packages/toolchain-atmelavr/bin/../lib/gcc/avr/7.3.0/avrxmega3/libgcc.a(_adddi3_s8.o)
 .data          0x0000000000000000        0x0 /home/jeff/.platformio/packages/toolchain-atmelavr/bin/../lib/gcc/avr/7.3.0/avrxmega3/libgcc.a(_adddi3_s8.o)
 .bss           0x0000000000000000        0x0 /home/jeff/.platformio/packages/toolchain-atmelavr/bin/../lib/gcc/avr/7.3.0/avrxmega3/libgcc.a(_adddi3_s8.o)
 .text.libgcc.mul
                0x0000000000000000        0x0 /home/jeff/.platformio/packages/toolchain-atmelavr/bin/../lib/gcc/avr/7.3.0/avrxmega3/libgcc.a(_adddi3_s8.o)
 .text.libgcc.div
                0x0000000000000000        0x0 /home/jeff/.platformio/packages/toolchain-atmelavr/bin/../lib/gcc/avr/7.3.0/avrxmega3/libgcc.a(_adddi3_s8.o)
 .text.libgcc.prologue
                0x0000000000000000        0x0 /home/jeff/.platformio/packages/toolchain-atmelavr/bin/../lib/gcc/avr/7.3.0/avrxmega3/libgcc.a(_adddi3_s8.o)
 .text.libgcc.builtins
                0x0000000000000000        0x0 /home/jeff/.platformio/packages/toolchain-atmelavr/bin/../lib/gcc/avr/7.3.0/avrxmega3/libgcc.a(_adddi3_s8.o)
 .text.libgcc.fmul
                0x0000000000000000        0x0 /home/jeff/.platformio/packages/toolchain-atmelavr/bin/../lib/gcc/avr/7.3.0/avrxmega3/libgcc.a(_adddi3_s8.o)
 .text.libgcc.fixed
                0x0000000000000000        0x0 /home/jeff/.platformio/packages/toolchain-atmelavr/bin/../lib/gcc/avr/7.3.0/avrxmega3/libgcc.a(_adddi3_s8.o)
 .text          0x0000000000000000        0x0 /home/jeff/.platformio/packages/toolchain-atmelavr/bin/../lib/gcc/avr/7.3.0/avrxmega3/libgcc.a(_tablejump2.o)
 .data          0x0000000000000000        0x0 /home/jeff/.platformio/packages/toolchain-atmelavr/bin/../lib/gcc/avr/7.3.0/avrxmega3/libgcc.a(_tablejump2.o)
 .bss           0x0000000000000000        0x0 /home/jeff/.platformio/packages/toolchain-atmelavr/bin/../lib/gcc/avr/7.3.0/avrxmega3/libgcc.a(_tablejump2.o)
 .text.libgcc.mul
                0x0000000000000000        0x0 /home/jeff/.platformio/packages/toolchain-atmelavr/bin/../lib/gcc/avr/7.3.0/avrxmega3/libgcc.a(_tablejump2.o)
 .text.libgcc.div
                0x0000000000000000        0x0 /home/jeff/.platformio/packages/toolchain-atmelavr/bin/../lib/gcc/avr/7.3.0/avrxmega3/libgcc.a(_tablejump2.o)
 .text.libgcc.prologue
                0x0000000000000000        0x0 /home/jeff/.platformio/packages/toolchain-atmelavr/bin/../lib/gcc/avr/7.3.0/avrxmega3/libgcc.a(_tablejump2.o)
 .text.libgcc.builtins
                0x0000000000000000        0x0 /home/jeff/.platformio/packages/toolchain-atmelavr/bin/../lib/gcc/avr/7.3.0/avrxmega3/libgcc.a(_tablejump2.o)
 .text.libgcc.fmul
                0x0000000000000000        0x0 /home/jeff/.platformio/packages/toolchain-atmelavr/bin/../lib/gcc/avr/7.3.0/avrxmega3/libgcc.a(_tablejump2.o)
 .text.libgcc.fixed
                0x0000000000000000        0x0 /home/jeff/.platformio/packages/toolchain-atmelavr/bin/../lib/gcc/avr/7.3.0/avrxmega3/libgcc.a(_tablejump2.o)
 .text          0x0000000000000000        0x0 /home/jeff/.platformio/packages/toolchain-atmelavr/bin/../lib/gcc/avr/7.3.0/avrxmega3/libgcc.a(_umulhisi3.o)
 .data          0x0000000000000000        0x0 /home/jeff/.platformio/packages/toolchain-atmelavr/bin/../lib/gcc/avr/7.3.0/avrxmega3/libgcc.a(_umulhisi3.o)
 .bss           0x0000000000000000        0x0 /home/jeff/.platformio/packages/toolchain-atmelavr/bin/../lib/gcc/avr/7.3.0/avrxmega3/libgcc.a(_umulhisi3.o)
 .text.libgcc.div
                0x0000000000000000        0x0 /home/jeff/.platformio/packages/toolchain-atmelavr/bin/../lib/gcc/avr/7.3.0/avrxmega3/libgcc.a(_umulhisi3.o)
 .text.libgcc   0x0000000000000000        0x0 /home/jeff/.platformio/packages/toolchain-atmelavr/bin/../lib/gcc/avr/7.3.0/avrxmega3/libgcc.a(_umulhisi3.o)
 .text.libgcc.prologue
                0x0000000000000000        0x0 /home/jeff/.platformio/packages/toolchain-atmelavr/bin/../lib/gcc/avr/7.3.0/avrxmega3/libgcc.a(_umulhisi3.o)
 .text.libgcc.builtins
                0x0000000000000000        0x0 /home/jeff/.platformio/packages/toolchain-atmelavr/bin/../lib/gcc/avr/7.3.0/avrxmega3/libgcc.a(_umulhisi3.o)
 .text.libgcc.fmul
                0x0000000000000000        0x0 /home/jeff/.platformio/packages/toolchain-atmelavr/bin/../lib/gcc/avr/7.3.0/avrxmega3/libgcc.a(_umulhisi3.o)
 .text.libgcc.fixed
                0x0000000000000000        0x0 /home/jeff/.platformio/packages/toolchain-atmelavr/bin/../lib/gcc/avr/7.3.0/avrxmega3/libgcc.a(_umulhisi3.o)
 .text          0x0000000000000000        0x0 /home/jeff/.platformio/packages/toolchain-atmelavr/bin/../lib/gcc/avr/7.3.0/../../../../avr/lib/avrxmega3/libm.a(addsf3.o)
 .data          0x0000000000000000        0x0 /home/jeff/.platformio/packages/toolchain-atmelavr/bin/../lib/gcc/avr/7.3.0/../../../../avr/lib/avrxmega3/libm.a(addsf3.o)
 .bss           0x0000000000000000        0x0 /home/jeff/.platformio/packages/toolchain-atmelavr/bin/../lib/gcc/avr/7.3.0/../../../../avr/lib/avrxmega3/libm.a(addsf3.o)
 .text          0x0000000000000000        0x0 /home/jeff/.platformio/packages/toolchain-atmelavr/bin/../lib/gcc/avr/7.3.0/../../../../avr/lib/avrxmega3/libm.a(addsf3x.o)
 .data          0x0000000000000000        0x0 /home/jeff/.platformio/packages/toolchain-atmelavr/bin/../lib/gcc/avr/7.3.0/../../../../avr/lib/avrxmega3/libm.a(addsf3x.o)
 .bss           0x0000000000000000        0x0 /home/jeff/.platformio/packages/toolchain-atmelavr/bin/../lib/gcc/avr/7.3.0/../../../../avr/lib/avrxmega3/libm.a(addsf3x.o)
 .text          0x0000000000000000        0x0 /home/jeff/.platformio/packages/toolchain-atmelavr/bin/../lib/gcc/avr/7.3.0/../../../../avr/lib/avrxmega3/libm.a(cmpsf2.o)
 .data          0x0000000000000000        0x0 /home/jeff/.platformio/packages/toolchain-atmelavr/bin/../lib/gcc/avr/7.3.0/../../../../avr/lib/avrxmega3/libm.a(cmpsf2.o)
 .bss           0x0000000000000000        0x0 /home/jeff/.platformio/packages/toolchain-atmelavr/bin/../lib/gcc/avr/7.3.0/../../../../avr/lib/avrxmega3/libm.a(cmpsf2.o)
 .text          0x0000000000000000        0x0 /home/jeff/.platformio/packages/toolchain-atmelavr/bin/../lib/gcc/avr/7.3.0/../../../../avr/lib/avrxmega3/libm.a(divsf3.o)
 .data          0x0000000000000000        0x0 /home/jeff/.platformio/packages/toolchain-atmelavr/bin/../lib/gcc/avr/7.3.0/../../../../avr/lib/avrxmega3/libm.a(divsf3.o)
 .bss           0x0000000000000000        0x0 /home/jeff/.platformio/packages/toolchain-atmelavr/bin/../lib/gcc/avr/7.3.0/../../../../avr/lib/avrxmega3/libm.a(divsf3.o)
 .text          0x0000000000000000        0x0 /home/jeff/.platformio/packages/toolchain-atmelavr/bin/../lib/gcc/avr/7.3.0/../../../../avr/lib/avrxmega3/libm.a(divsf3x.o)
 .data          0x0000000000000000        0x0 /home/jeff/.platformio/packages/toolchain-atmelavr/bin/../lib/gcc/avr/7.3.0/../../../../avr/lib/avrxmega3/libm.a(divsf3x.o)
 .bss           0x0000000000000000        0x0 /home/jeff/.platformio/packages/toolchain-atmelavr/bin/../lib/gcc/avr/7.3.0/../../../../avr/lib/avrxmega3/libm.a(divsf3x.o)
 .text          0x0000000000000000        0x0 /home/jeff/.platformio/packages/toolchain-atmelavr/bin/../lib/gcc/avr/7.3.0/../../../../avr/lib/avrxmega3/libm.a(fixunssfsi.o)
 .data          0x0000000000000000        0x0 /home/jeff/.platformio/packages/toolchain-atmelavr/bin/../lib/gcc/avr/7.3.0/../../../../avr/lib/avrxmega3/libm.a(fixunssfsi.o)
 .bss           0x0000000000000000        0x0 /home/jeff/.platformio/packages/toolchain-atmelavr/bin/../lib/gcc/avr/7.3.0/../../../../avr/lib/avrxmega3/libm.a(fixunssfsi.o)
 .text          0x0000000000000000        0x0 /home/jeff/.platformio/packages/toolchain-atmelavr/bin/../lib/gcc/avr/7.3.0/../../../../avr/lib/avrxmega3/libm.a(floatsisf.o)
 .data          0x0000000000000000        0x0 /home/jeff/.platformio/packages/toolchain-atmelavr/bin/../lib/gcc/avr/7.3.0/../../../../avr/lib/avrxmega3/libm.a(floatsisf.o)
 .bss           0x0000000000000000        0x0 /home/jeff/.platformio/packages/toolchain-atmelavr/bin/../lib/gcc/avr/7.3.0/../../../../avr/lib/avrxmega3/libm.a(floatsisf.o)
 .text          0x0000000000000000        0x0 /home/jeff/.platformio/packages/toolchain-atmelavr/bin/../lib/gcc/avr/7.3.0/../../../../avr/lib/avrxmega3/libm.a(fp_cmp.o)
 .data          0x0000000000000000        0x0 /home/jeff/.platformio/packages/toolchain-atmelavr/bin/../lib/gcc/avr/7.3.0/../../../../avr/lib/avrxmega3/libm.a(fp_cmp.o)
 .bss           0x0000000000000000        0x0 /home/jeff/.platformio/packages/toolchain-atmelavr/bin/../lib/gcc/avr/7.3.0/../../../../avr/lib/avrxmega3/libm.a(fp_cmp.o)
 .text          0x0000000000000000        0x0 /home/jeff/.platformio/packages/toolchain-atmelavr/bin/../lib/gcc/avr/7.3.0/../../../../avr/lib/avrxmega3/libm.a(fp_inf.o)
 .data          0x0000000000000000        0x0 /home/jeff/.platformio/packages/toolchain-atmelavr/bin/../lib/gcc/avr/7.3.0/../../../../avr/lib/avrxmega3/libm.a(fp_inf.o)
 .bss           0x0000000000000000        0x0 /home/jeff/.platformio/packages/toolchain-atmelavr/bin/../lib/gcc/avr/7.3.0/../../../../avr/lib/avrxmega3/libm.a(fp_inf.o)
 .text          0x0000000000000000        0x0 /home/jeff/.platformio/packages/toolchain-atmelavr/bin/../lib/gcc/avr/7.3.0/../../../../avr/lib/avrxmega3/libm.a(fp_nan.o)
 .data          0x0000000000000000        0x0 /home/jeff/.platformio/packages/toolchain-atmelavr/bin/../lib/gcc/avr/7.3.0/../../../../avr/lib/avrxmega3/libm.a(fp_nan.o)
 .bss           0x0000000000000000        0x0 /home/jeff/.platformio/packages/toolchain-atmelavr/bin/../lib/gcc/avr/7.3.0/../../../../avr/lib/avrxmega3/libm.a(fp_nan.o)
 .text          0x0000000000000000        0x0 /home/jeff/.platformio/packages/toolchain-atmelavr/bin/../lib/gcc/avr/7.3.0/../../../../avr/lib/avrxmega3/libm.a(fp_pscA.o)
 .data          0x0000000000000000        0x0 /home/jeff/.platformio/packages/toolchain-atmelavr/bin/../lib/gcc/avr/7.3.0/../../../../avr/lib/avrxmega3/libm.a(fp_pscA.o)
 .bss           0x0000000000000000        0x0 /home/jeff/.platformio/packages/toolchain-atmelavr/bin/../lib/gcc/avr/7.3.0/../../../../avr/lib/avrxmega3/libm.a(fp_pscA.o)
 .text          0x0000000000000000        0x0 /home/jeff/.platformio/packages/toolchain-atmelavr/bin/../lib/gcc/avr/7.3.0/../../../../avr/lib/avrxmega3/libm.a(fp_pscB.o)
 .data          0x0000000000000000        0x0 /home/jeff/.platformio/packages/toolchain-atmelavr/bin/../lib/gcc/avr/7.3.0/../../../../avr/lib/avrxmega3/libm.a(fp_pscB.o)
 .bss           0x0000000000000000        0x0 /home/jeff/.platformio/packages/toolchain-atmelavr/bin/../lib/gcc/avr/7.3.0/../../../../avr/lib/avrxmega3/libm.a(fp_pscB.o)
 .text          0x0000000000000000        0x0 /home/jeff/.platformio/packages/toolchain-atmelavr/bin/../lib/gcc/avr/7.3.0/../../../../avr/lib/avrxmega3/libm.a(fp_round.o)
 .data          0x0000000000000000        0x0 /home/jeff/.platformio/packages/toolchain-atmelavr/bin/../lib/gcc/avr/7.3.0/../../../../avr/lib/avrxmega3/libm.a(fp_round.o)
 .bss           0x0000000000000000        0x0 /home/jeff/.platformio/packages/toolchain-atmelavr/bin/../lib/gcc/avr/7.3.0/../../../../avr/lib/avrxmega3/libm.a(fp_round.o)
 .text          0x0000000000000000        0x0 /home/jeff/.platformio/packages/toolchain-atmelavr/bin/../lib/gcc/avr/7.3.0/../../../../avr/lib/avrxmega3/libm.a(fp_split3.o)
 .data          0x0000000000000000        0x0 /home/jeff/.platformio/packages/toolchain-atmelavr/bin/../lib/gcc/avr/7.3.0/../../../../avr/lib/avrxmega3/libm.a(fp_split3.o)
 .bss           0x0000000000000000        0x0 /home/jeff/.platformio/packages/toolchain-atmelavr/bin/../lib/gcc/avr/7.3.0/../../../../avr/lib/avrxmega3/libm.a(fp_split3.o)
 .text          0x0000000000000000        0x0 /home/jeff/.platformio/packages/toolchain-atmelavr/bin/../lib/gcc/avr/7.3.0/../../../../avr/lib/avrxmega3/libm.a(fp_zero.o)
 .data          0x0000000000000000        0x0 /home/jeff/.platformio/packages/toolchain-atmelavr/bin/../lib/gcc/avr/7.3.0/../../../../avr/lib/avrxmega3/libm.a(fp_zero.o)
 .bss           0x0000000000000000        0x0 /home/jeff/.platformio/packages/toolchain-atmelavr/bin/../lib/gcc/avr/7.3.0/../../../../avr/lib/avrxmega3/libm.a(fp_zero.o)
 .text          0x0000000000000000        0x0 /home/jeff/.platformio/packages/toolchain-atmelavr/bin/../lib/gcc/avr/7.3.0/../../../../avr/lib/avrxmega3/libm.a(gesf2.o)
 .data          0x0000000000000000        0x0 /home/jeff/.platformio/packages/toolchain-atmelavr/bin/../lib/gcc/avr/7.3.0/../../../../avr/lib/avrxmega3/libm.a(gesf2.o)
 .bss           0x0000000000000000        0x0 /home/jeff/.platformio/packages/toolchain-atmelavr/bin/../lib/gcc/avr/7.3.0/../../../../avr/lib/avrxmega3/libm.a(gesf2.o)
 .text          0x0000000000000000        0x0 /home/jeff/.platformio/packages/toolchain-atmelavr/bin/../lib/gcc/avr/7.3.0/../../../../avr/lib/avrxmega3/libm.a(mulsf3.o)
 .data          0x0000000000000000        0x0 /home/jeff/.platformio/packages/toolchain-atmelavr/bin/../lib/gcc/avr/7.3.0/../../../../avr/lib/avrxmega3/libm.a(mulsf3.o)
 .bss           0x0000000000000000        0x0 /home/jeff/.platformio/packages/toolchain-atmelavr/bin/../lib/gcc/avr/7.3.0/../../../../avr/lib/avrxmega3/libm.a(mulsf3.o)
 .text          0x0000000000000000        0x0 /home/jeff/.platformio/packages/toolchain-atmelavr/bin/../lib/gcc/avr/7.3.0/../../../../avr/lib/avrxmega3/libm.a(mulsf3x.o)
 .data          0x0000000000000000        0x0 /home/jeff/.platformio/packages/toolchain-atmelavr/bin/../lib/gcc/avr/7.3.0/../../../../avr/lib/avrxmega3/libm.a(mulsf3x.o)
 .bss           0x0000000000000000        0x0 /home/jeff/.platformio/packages/toolchain-atmelavr/bin/../lib/gcc/avr/7.3.0/../../../../avr/lib/avrxmega3/libm.a(mulsf3x.o)
 .text          0x0000000000000000        0x0 /home/jeff/.platformio/packages/toolchain-atmelavr/bin/../lib/gcc/avr/7.3.0/../../../../avr/lib/avrxmega3/libm.a(unordsf2.o)
 .data          0x0000000000000000        0x0 /home/jeff/.platformio/packages/toolchain-atmelavr/bin/../lib/gcc/avr/7.3.0/../../../../avr/lib/avrxmega3/libm.a(unordsf2.o)
 .bss           0x0000000000000000        0x0 /home/jeff/.platformio/packages/toolchain-atmelavr/bin/../lib/gcc/avr/7.3.0/../../../../avr/lib/avrxmega3/libm.a(unordsf2.o)

Memory Configuration

Name             Origin             Length             Attributes
text             0x0000000000000000 0x0000000000004000 xr
data             0x0000000000803800 0x0000000000000800 rw !x
eeprom           0x0000000000810000 0x0000000000000100 rw !x
fuse             0x0000000000820000 0x000000000000000a rw !x
lock             0x0000000000830000 0x0000000000000400 rw !x
signature        0x0000000000840000 0x0000000000000400 rw !x
user_signatures  0x0000000000850000 0x0000000000000400 rw !x
*default*        0x0000000000000000 0xffffffffffffffff

Linker script and memory map

Address of section .data set to 0x803800
LOAD /home/jeff/.platformio/packages/toolchain-atmelavr/bin/../lib/gcc/avr/7.3.0/../../../../avr/lib/avrxmega3/crtattiny1616.o
Address of section .text set to 0x0
LOAD .pio/build/ATtiny1616/src/ADF4351-master/ADF4351.cpp.o
LOAD /tmp/ccA473TX.ltrans0.ltrans.o
START GROUP
LOAD .pio/build/ATtiny1616/libFrameworkArduino.a
END GROUP
LOAD /home/jeff/.platformio/packages/toolchain-atmelavr/bin/../lib/gcc/avr/7.3.0/avrxmega3/libgcc.a
LOAD /home/jeff/.platformio/packages/toolchain-atmelavr/bin/../lib/gcc/avr/7.3.0/../../../../avr/lib/avrxmega3/libm.a
START GROUP
LOAD /home/jeff/.platformio/packages/toolchain-atmelavr/bin/../lib/gcc/avr/7.3.0/avrxmega3/libgcc.a
LOAD /home/jeff/.platformio/packages/toolchain-atmelavr/bin/../lib/gcc/avr/7.3.0/../../../../avr/lib/avrxmega3/libm.a
LOAD /home/jeff/.platformio/packages/toolchain-atmelavr/bin/../lib/gcc/avr/7.3.0/../../../../avr/lib/avrxmega3/libc.a
LOAD /home/jeff/.platformio/packages/toolchain-atmelavr/bin/../lib/gcc/avr/7.3.0/../../../../avr/lib/avrxmega3/libattiny1616.a
END GROUP
                [0x0000000000004000]                __TEXT_REGION_LENGTH__ = DEFINED (__TEXT_REGION_LENGTH__)?__TEXT_REGION_LENGTH__:0x100000
                [0x0000000000000800]                __DATA_REGION_LENGTH__ = DEFINED (__DATA_REGION_LENGTH__)?__DATA_REGION_LENGTH__:0xffa0
                [0x0000000000000100]                __EEPROM_REGION_LENGTH__ = DEFINED (__EEPROM_REGION_LENGTH__)?__EEPROM_REGION_LENGTH__:0x10000
                [0x000000000000000a]                __FUSE_REGION_LENGTH__ = DEFINED (__FUSE_REGION_LENGTH__)?__FUSE_REGION_LENGTH__:0x400
                0x0000000000000400                __LOCK_REGION_LENGTH__ = DEFINED (__LOCK_REGION_LENGTH__)?__LOCK_REGION_LENGTH__:0x400
                0x0000000000000400                __SIGNATURE_REGION_LENGTH__ = DEFINED (__SIGNATURE_REGION_LENGTH__)?__SIGNATURE_REGION_LENGTH__:0x400
                0x0000000000000400                __USER_SIGNATURE_REGION_LENGTH__ = DEFINED (__USER_SIGNATURE_REGION_LENGTH__)?__USER_SIGNATURE_REGION_LENGTH__:0x400
                0x0000000000008000                __RODATA_PM_OFFSET__ = DEFINED (__RODATA_PM_OFFSET__)?__RODATA_PM_OFFSET__:0x8000
                [0x0000000000803800]                __DATA_REGION_ORIGIN__ = DEFINED (__DATA_REGION_ORIGIN__)?__DATA_REGION_ORIGIN__:0x802000

.hash
 *(.hash)

.dynsym
 *(.dynsym)

.dynstr
 *(.dynstr)

.gnu.version
 *(.gnu.version)

.gnu.version_d
 *(.gnu.version_d)

.gnu.version_r
 *(.gnu.version_r)

.rel.init
 *(.rel.init)

.rela.init
 *(.rela.init)

.rel.text
 *(.rel.text)
 *(.rel.text.*)
 *(.rel.gnu.linkonce.t*)

.rela.text
 *(.rela.text)
 *(.rela.text.*)
 *(.rela.gnu.linkonce.t*)

.rel.fini
 *(.rel.fini)

.rela.fini
 *(.rela.fini)

.rel.rodata
 *(.rel.rodata)
 *(.rel.rodata.*)
 *(.rel.gnu.linkonce.r*)

.rela.rodata
 *(.rela.rodata)
 *(.rela.rodata.*)
 *(.rela.gnu.linkonce.r*)

.rel.data
 *(.rel.data)
 *(.rel.data.*)
 *(.rel.gnu.linkonce.d*)

.rela.data
 *(.rela.data)
 *(.rela.data.*)
 *(.rela.gnu.linkonce.d*)

.rel.ctors
 *(.rel.ctors)

.rela.ctors
 *(.rela.ctors)

.rel.dtors
 *(.rel.dtors)

.rela.dtors
 *(.rela.dtors)

.rel.got
 *(.rel.got)

.rela.got
 *(.rela.got)

.rel.bss
 *(.rel.bss)

.rela.bss
 *(.rela.bss)

.rel.plt
 *(.rel.plt)

.rela.plt
 *(.rela.plt)

.text           0x0000000000000000     0x177a
 *(.vectors)
 .vectors       0x0000000000000000       0x7c /home/jeff/.platformio/packages/toolchain-atmelavr/bin/../lib/gcc/avr/7.3.0/../../../../avr/lib/avrxmega3/crtattiny1616.o
                0x0000000000000000                __vectors
                0x0000000000000000                __vector_default
 *(.vectors)
 *(.progmem.gcc*)
                0x000000000000007c                . = ALIGN (0x2)
                0x000000000000007c                __trampolines_start = .
 *(.trampolines)
 .trampolines   0x000000000000007c        0x0 linker stubs
 *(.trampolines*)
                0x000000000000007c                __trampolines_end = .
 *libprintf_flt.a:*(.progmem.data)
 *libc.a:*(.progmem.data)
 *(.progmem*)
                0x000000000000007c                . = ALIGN (0x2)
 *(.jumptables)
 *(.jumptables*)
 *(.lowtext)
 *(.lowtext*)
                0x000000000000007c                __ctors_start = .
 *(.ctors)
 .ctors         0x000000000000007c        0x2 /tmp/ccA473TX.ltrans0.ltrans.o
                0x000000000000007e                __ctors_end = .
                0x000000000000007e                __dtors_start = .
 *(.dtors)
                0x000000000000007e                __dtors_end = .
 SORT(*)(.ctors)
 SORT(*)(.dtors)
 *(.init0)
 .init0         0x000000000000007e        0x0 /home/jeff/.platformio/packages/toolchain-atmelavr/bin/../lib/gcc/avr/7.3.0/../../../../avr/lib/avrxmega3/crtattiny1616.o
                0x000000000000007e                __init
 *(.init0)
 *(.init1)
 *(.init1)
 *(.init2)
 .init2         0x000000000000007e        0xc /home/jeff/.platformio/packages/toolchain-atmelavr/bin/../lib/gcc/avr/7.3.0/../../../../avr/lib/avrxmega3/crtattiny1616.o
 *(.init2)
 *(.init3)
 .init3         0x000000000000008a       0x18 /tmp/ccA473TX.ltrans0.ltrans.o
                0x000000000000008a                _Z15_initThreeStuffv
 *(.init3)
 *(.init4)
 .init4         0x00000000000000a2       0x16 /home/jeff/.platformio/packages/toolchain-atmelavr/bin/../lib/gcc/avr/7.3.0/avrxmega3/libgcc.a(_copy_data.o)
                0x00000000000000a2                __do_copy_data
 .init4         0x00000000000000b8       0x10 /home/jeff/.platformio/packages/toolchain-atmelavr/bin/../lib/gcc/avr/7.3.0/avrxmega3/libgcc.a(_clear_bss.o)
                0x00000000000000b8                __do_clear_bss
 *(.init4)
 *(.init5)
 *(.init5)
 *(.init6)
 .init6         0x00000000000000c8       0x16 /home/jeff/.platformio/packages/toolchain-atmelavr/bin/../lib/gcc/avr/7.3.0/avrxmega3/libgcc.a(_ctors.o)
                0x00000000000000c8                __do_global_ctors
 *(.init6)
 *(.init7)
 *(.init7)
 *(.init8)
 *(.init8)
 *(.init9)
 .init9         0x00000000000000de        0x8 /home/jeff/.platformio/packages/toolchain-atmelavr/bin/../lib/gcc/avr/7.3.0/../../../../avr/lib/avrxmega3/crtattiny1616.o
 *(.init9)
 *(.text)
 .text          0x00000000000000e6        0x4 /home/jeff/.platformio/packages/toolchain-atmelavr/bin/../lib/gcc/avr/7.3.0/../../../../avr/lib/avrxmega3/crtattiny1616.o
                0x00000000000000e6                __vector_22
                0x00000000000000e6                __vector_1
                0x00000000000000e6                __vector_24
                0x00000000000000e6                __vector_12
                0x00000000000000e6                __bad_interrupt
                0x00000000000000e6                __vector_6
                0x00000000000000e6                __vector_3
                0x00000000000000e6                __vector_23
                0x00000000000000e6                __vector_30
                0x00000000000000e6                __vector_25
                0x00000000000000e6                __vector_11
                0x00000000000000e6                __vector_13
                0x00000000000000e6                __vector_17
                0x00000000000000e6                __vector_19
                0x00000000000000e6                __vector_7
                0x00000000000000e6                __vector_5
                0x00000000000000e6                __vector_4
                0x00000000000000e6                __vector_9
                0x00000000000000e6                __vector_2
                0x00000000000000e6                __vector_21
                0x00000000000000e6                __vector_8
                0x00000000000000e6                __vector_26
                0x00000000000000e6                __vector_14
                0x00000000000000e6                __vector_10
                0x00000000000000e6                __vector_16
                0x00000000000000e6                __vector_18
                0x00000000000000e6                __vector_20
 .text          0x00000000000000ea      0xb20 /tmp/ccA473TX.ltrans0.ltrans.o
                0x0000000000000a84                __vector_15
                0x0000000000000af8                __vector_28
                0x0000000000000b06                __vector_27
                0x0000000000000b14                __vector_29
                0x0000000000000b20                _Z7_do_drev
                0x0000000000000b7e                _Z7_do_rxcv
                0x0000000000000bd8                _Z7_do_txcv
                0x0000000000000c0a                . = ALIGN (0x2)
 *(.text.*)
 .text.startup  0x0000000000000c0a      0x4ea /tmp/ccA473TX.ltrans0.ltrans.o
                0x0000000000000c50                main
 .text.libgcc.div
                0x00000000000010f4       0x44 /home/jeff/.platformio/packages/toolchain-atmelavr/bin/../lib/gcc/avr/7.3.0/avrxmega3/libgcc.a(_udivmodsi4.o)
                0x00000000000010f4                __udivmodsi4
 .text.libgcc.mul
                0x0000000000001138       0x16 /home/jeff/.platformio/packages/toolchain-atmelavr/bin/../lib/gcc/avr/7.3.0/avrxmega3/libgcc.a(_muluhisi3.o)
                0x0000000000001138                __muluhisi3
 .text.libgcc.mul
                0x000000000000114e       0x9e /home/jeff/.platformio/packages/toolchain-atmelavr/bin/../lib/gcc/avr/7.3.0/avrxmega3/libgcc.a(_muldi3.o)
                0x000000000000114e                __muldi3
 .text.libgcc.mul
                0x00000000000011ec       0x12 /home/jeff/.platformio/packages/toolchain-atmelavr/bin/../lib/gcc/avr/7.3.0/avrxmega3/libgcc.a(_muldi3_6.o)
                0x00000000000011ec                __muldi3_6
 .text.libgcc.div
                0x00000000000011fe       0x1c /home/jeff/.platformio/packages/toolchain-atmelavr/bin/../lib/gcc/avr/7.3.0/avrxmega3/libgcc.a(_udivdi3.o)
                0x00000000000011fe                __umoddi3
                0x0000000000001202                __udivdi3
                0x0000000000001204                __udivdi3_umoddi3
 .text.libgcc.div
                0x000000000000121a       0xa2 /home/jeff/.platformio/packages/toolchain-atmelavr/bin/../lib/gcc/avr/7.3.0/avrxmega3/libgcc.a(_udivmod64.o)
                0x000000000000121a                __udivmod64
 .text.libgcc   0x00000000000012bc       0x18 /home/jeff/.platformio/packages/toolchain-atmelavr/bin/../lib/gcc/avr/7.3.0/avrxmega3/libgcc.a(_adddi3_s8.o)
                0x00000000000012bc                __adddi3_s8
 .text.libgcc   0x00000000000012d4        0xc /home/jeff/.platformio/packages/toolchain-atmelavr/bin/../lib/gcc/avr/7.3.0/avrxmega3/libgcc.a(_tablejump2.o)
                0x00000000000012d4                __tablejump2__
 .text.libgcc.mul
                0x00000000000012e0       0x1e /home/jeff/.platformio/packages/toolchain-atmelavr/bin/../lib/gcc/avr/7.3.0/avrxmega3/libgcc.a(_umulhisi3.o)
                0x00000000000012e0                __umulhisi3
 .text.avr-libc.fplib
                0x00000000000012fe        0xe /home/jeff/.platformio/packages/toolchain-atmelavr/bin/../lib/gcc/avr/7.3.0/../../../../avr/lib/avrxmega3/libm.a(addsf3.o)
                0x00000000000012fe                __subsf3
                0x0000000000001300                __addsf3
 .text.avr-libc.fplib
                0x000000000000130c       0xcc /home/jeff/.platformio/packages/toolchain-atmelavr/bin/../lib/gcc/avr/7.3.0/../../../../avr/lib/avrxmega3/libm.a(addsf3x.o)
                0x000000000000132e                __addsf3x
 .text.avr-libc.fplib
                0x00000000000013d8        0xa /home/jeff/.platformio/packages/toolchain-atmelavr/bin/../lib/gcc/avr/7.3.0/../../../../avr/lib/avrxmega3/libm.a(cmpsf2.o)
                0x00000000000013d8                __lesf2
                0x00000000000013d8                __nesf2
                0x00000000000013d8                __eqsf2
                0x00000000000013d8                __cmpsf2
                0x00000000000013d8                __ltsf2
 .text.avr-libc.fplib
                0x00000000000013e2        0x8 /home/jeff/.platformio/packages/toolchain-atmelavr/bin/../lib/gcc/avr/7.3.0/../../../../avr/lib/avrxmega3/libm.a(divsf3.o)
                0x00000000000013e2                __divsf3
 .text.avr-libc.fplib
                0x00000000000013ea       0xdc /home/jeff/.platformio/packages/toolchain-atmelavr/bin/../lib/gcc/avr/7.3.0/../../../../avr/lib/avrxmega3/libm.a(divsf3x.o)
                0x000000000000140a                __divsf3x
                0x0000000000001410                __divsf3_pse
 .text.avr-libc.fplib
                0x00000000000014c6       0x5e /home/jeff/.platformio/packages/toolchain-atmelavr/bin/../lib/gcc/avr/7.3.0/../../../../avr/lib/avrxmega3/libm.a(fixunssfsi.o)
                0x00000000000014c6                __fixunssfsi
 .text.avr-libc.fplib
                0x0000000000001524       0x7a /home/jeff/.platformio/packages/toolchain-atmelavr/bin/../lib/gcc/avr/7.3.0/../../../../avr/lib/avrxmega3/libm.a(floatsisf.o)
                0x0000000000001524                __floatunsisf
                0x0000000000001528                __floatsisf
 .text.avr-libc.fplib
                0x000000000000159e       0x48 /home/jeff/.platformio/packages/toolchain-atmelavr/bin/../lib/gcc/avr/7.3.0/../../../../avr/lib/avrxmega3/libm.a(fp_cmp.o)
                0x000000000000159e                __fp_cmp
 .text.avr-libc.fplib
                0x00000000000015e6        0xc /home/jeff/.platformio/packages/toolchain-atmelavr/bin/../lib/gcc/avr/7.3.0/../../../../avr/lib/avrxmega3/libm.a(fp_inf.o)
                0x00000000000015e6                __fp_inf
 .text.avr-libc.fplib
                0x00000000000015f2        0x6 /home/jeff/.platformio/packages/toolchain-atmelavr/bin/../lib/gcc/avr/7.3.0/../../../../avr/lib/avrxmega3/libm.a(fp_nan.o)
                0x00000000000015f2                __fp_nan
 .text.avr-libc.fplib
                0x00000000000015f8        0xe /home/jeff/.platformio/packages/toolchain-atmelavr/bin/../lib/gcc/avr/7.3.0/../../../../avr/lib/avrxmega3/libm.a(fp_pscA.o)
                0x00000000000015f8                __fp_pscA
 .text.avr-libc.fplib
                0x0000000000001606        0xe /home/jeff/.platformio/packages/toolchain-atmelavr/bin/../lib/gcc/avr/7.3.0/../../../../avr/lib/avrxmega3/libm.a(fp_pscB.o)
                0x0000000000001606                __fp_pscB
 .text.avr-libc.fplib
                0x0000000000001614       0x22 /home/jeff/.platformio/packages/toolchain-atmelavr/bin/../lib/gcc/avr/7.3.0/../../../../avr/lib/avrxmega3/libm.a(fp_round.o)
                0x0000000000001614                __fp_round
 .text.avr-libc.fplib
                0x0000000000001636       0x44 /home/jeff/.platformio/packages/toolchain-atmelavr/bin/../lib/gcc/avr/7.3.0/../../../../avr/lib/avrxmega3/libm.a(fp_split3.o)
                0x0000000000001636                __fp_split3
                0x0000000000001646                __fp_splitA
 .text.avr-libc.fplib
                0x000000000000167a        0xe /home/jeff/.platformio/packages/toolchain-atmelavr/bin/../lib/gcc/avr/7.3.0/../../../../avr/lib/avrxmega3/libm.a(fp_zero.o)
                0x000000000000167a                __fp_zero
                0x000000000000167c                __fp_szero
 .text.avr-libc.fplib
                0x0000000000001688        0xa /home/jeff/.platformio/packages/toolchain-atmelavr/bin/../lib/gcc/avr/7.3.0/../../../../avr/lib/avrxmega3/libm.a(gesf2.o)
                0x0000000000001688                __gtsf2
                0x0000000000001688                __gesf2
 .text.avr-libc.fplib
                0x0000000000001692        0x8 /home/jeff/.platformio/packages/toolchain-atmelavr/bin/../lib/gcc/avr/7.3.0/../../../../avr/lib/avrxmega3/libm.a(mulsf3.o)
                0x0000000000001692                __mulsf3
 .text.avr-libc.fplib
                0x000000000000169a       0xd2 /home/jeff/.platformio/packages/toolchain-atmelavr/bin/../lib/gcc/avr/7.3.0/../../../../avr/lib/avrxmega3/libm.a(mulsf3x.o)
                0x00000000000016b8                __mulsf3x
                0x00000000000016be                __mulsf3_pse
 .text.avr-libc.fplib
                0x000000000000176c        0xa /home/jeff/.platformio/packages/toolchain-atmelavr/bin/../lib/gcc/avr/7.3.0/../../../../avr/lib/avrxmega3/libm.a(unordsf2.o)
                0x000000000000176c                __unordsf2
                0x0000000000001776                . = ALIGN (0x2)
 *(.fini9)
 .fini9         0x0000000000001776        0x0 /home/jeff/.platformio/packages/toolchain-atmelavr/bin/../lib/gcc/avr/7.3.0/avrxmega3/libgcc.a(_exit.o)
                0x0000000000001776                exit
                0x0000000000001776                _exit
 *(.fini9)
 *(.fini8)
 *(.fini8)
 *(.fini7)
 *(.fini7)
 *(.fini6)
 *(.fini6)
 *(.fini5)
 *(.fini5)
 *(.fini4)
 *(.fini4)
 *(.fini3)
 *(.fini3)
 *(.fini2)
 *(.fini2)
 *(.fini1)
 *(.fini1)
 *(.fini0)
 .fini0         0x0000000000001776        0x4 /home/jeff/.platformio/packages/toolchain-atmelavr/bin/../lib/gcc/avr/7.3.0/avrxmega3/libgcc.a(_exit.o)
 *(.fini0)
                0x000000000000177a                _etext = .

.rodata         0x000000000000977a       0x81 load address 0x000000000000177a
 *(.rodata)
 .rodata        0x000000000000977a       0x62 /tmp/ccA473TX.ltrans0.ltrans.o
 *(.rodata*)
 .rodata.str1.1
                0x00000000000097dc       0x1f /tmp/ccA473TX.ltrans0.ltrans.o
 *(.gnu.linkonce.r*)

.data           0x0000000000803800        0xa load address 0x00000000000017fb
                0x0000000000803800                PROVIDE (__data_start, .)
 *(.data)
 .data          0x0000000000803800        0x9 /tmp/ccA473TX.ltrans0.ltrans.o
 *(.data*)
 *(.gnu.linkonce.d*)
                0x000000000080380a                . = ALIGN (0x2)
 *fill*         0x0000000000803809        0x1 
                0x000000000080380a                _edata = .
                0x000000000080380a                PROVIDE (__data_end, .)

.bss            0x000000000080380a       0xb9
                0x000000000080380a                PROVIDE (__bss_start, .)
 *(.bss)
 .bss           0x000000000080380a       0xb9 /tmp/ccA473TX.ltrans0.ltrans.o
 *(.bss*)
 *(COMMON)
                0x00000000008038c3                PROVIDE (__bss_end, .)
                0x00000000000017fb                __data_load_start = LOADADDR (.data)
                0x0000000000001805                __data_load_end = (__data_load_start + SIZEOF (.data))

.noinit         0x00000000008038c3        0x0
                [!provide]                        PROVIDE (__noinit_start, .)
 *(.noinit*)
                [!provide]                        PROVIDE (__noinit_end, .)
                0x00000000008038c3                _end = .
                [!provide]                        PROVIDE (__heap_start, .)

.eeprom         0x0000000000810000        0x0
 *(.eeprom*)
                0x0000000000810000                __eeprom_end = .

.fuse
 *(.fuse)
 *(.lfuse)
 *(.hfuse)
 *(.efuse)

.lock
 *(.lock*)

.signature
 *(.signature*)

.user_signatures
 *(.user_signatures*)

.stab
 *(.stab)

.stabstr
 *(.stabstr)

.stab.excl
 *(.stab.excl)

.stab.exclstr
 *(.stab.exclstr)

.stab.index
 *(.stab.index)

.stab.indexstr
 *(.stab.indexstr)

.comment        0x0000000000000000       0x11
 *(.comment)
 .comment       0x0000000000000000       0x11 /tmp/ccA473TX.ltrans0.ltrans.o
                                         0x12 (size before relaxing)

.note.gnu.avr.deviceinfo
                0x0000000000000000       0x40
 .note.gnu.avr.deviceinfo
                0x0000000000000000       0x40 /home/jeff/.platformio/packages/toolchain-atmelavr/bin/../lib/gcc/avr/7.3.0/../../../../avr/lib/avrxmega3/crtattiny1616.o

.note.gnu.build-id
 *(.note.gnu.build-id)

.debug
 *(.debug)

.line
 *(.line)

.debug_srcinfo
 *(.debug_srcinfo)

.debug_sfnames
 *(.debug_sfnames)

.debug_aranges  0x0000000000000000      0x1a0
 *(.debug_aranges)
 .debug_aranges
                0x0000000000000000       0x20 /home/jeff/.platformio/packages/toolchain-atmelavr/bin/../lib/gcc/avr/7.3.0/avrxmega3/libgcc.a(_exit.o)
 .debug_aranges
                0x0000000000000020       0x20 /home/jeff/.platformio/packages/toolchain-atmelavr/bin/../lib/gcc/avr/7.3.0/avrxmega3/libgcc.a(_udivmodsi4.o)
 .debug_aranges
                0x0000000000000040       0x20 /home/jeff/.platformio/packages/toolchain-atmelavr/bin/../lib/gcc/avr/7.3.0/avrxmega3/libgcc.a(_copy_data.o)
 .debug_aranges
                0x0000000000000060       0x20 /home/jeff/.platformio/packages/toolchain-atmelavr/bin/../lib/gcc/avr/7.3.0/avrxmega3/libgcc.a(_clear_bss.o)
 .debug_aranges
                0x0000000000000080       0x20 /home/jeff/.platformio/packages/toolchain-atmelavr/bin/../lib/gcc/avr/7.3.0/avrxmega3/libgcc.a(_ctors.o)
 .debug_aranges
                0x00000000000000a0       0x20 /home/jeff/.platformio/packages/toolchain-atmelavr/bin/../lib/gcc/avr/7.3.0/avrxmega3/libgcc.a(_muluhisi3.o)
 .debug_aranges
                0x00000000000000c0       0x20 /home/jeff/.platformio/packages/toolchain-atmelavr/bin/../lib/gcc/avr/7.3.0/avrxmega3/libgcc.a(_muldi3.o)
 .debug_aranges
                0x00000000000000e0       0x20 /home/jeff/.platformio/packages/toolchain-atmelavr/bin/../lib/gcc/avr/7.3.0/avrxmega3/libgcc.a(_muldi3_6.o)
 .debug_aranges
                0x0000000000000100       0x20 /home/jeff/.platformio/packages/toolchain-atmelavr/bin/../lib/gcc/avr/7.3.0/avrxmega3/libgcc.a(_udivdi3.o)
 .debug_aranges
                0x0000000000000120       0x20 /home/jeff/.platformio/packages/toolchain-atmelavr/bin/../lib/gcc/avr/7.3.0/avrxmega3/libgcc.a(_udivmod64.o)
 .debug_aranges
                0x0000000000000140       0x20 /home/jeff/.platformio/packages/toolchain-atmelavr/bin/../lib/gcc/avr/7.3.0/avrxmega3/libgcc.a(_adddi3_s8.o)
 .debug_aranges
                0x0000000000000160       0x20 /home/jeff/.platformio/packages/toolchain-atmelavr/bin/../lib/gcc/avr/7.3.0/avrxmega3/libgcc.a(_tablejump2.o)
 .debug_aranges
                0x0000000000000180       0x20 /home/jeff/.platformio/packages/toolchain-atmelavr/bin/../lib/gcc/avr/7.3.0/avrxmega3/libgcc.a(_umulhisi3.o)

.debug_pubnames
 *(.debug_pubnames)

.debug_info     0x0000000000000000     0x21cc
 *(.debug_info .gnu.linkonce.wi.*)
 .debug_info    0x0000000000000000     0x19ed /home/jeff/.platformio/packages/toolchain-atmelavr/bin/../lib/gcc/avr/7.3.0/../../../../avr/lib/avrxmega3/crtattiny1616.o
 .debug_info    0x00000000000019ed       0x9b /home/jeff/.platformio/packages/toolchain-atmelavr/bin/../lib/gcc/avr/7.3.0/avrxmega3/libgcc.a(_exit.o)
 .debug_info    0x0000000000001a88       0x9b /home/jeff/.platformio/packages/toolchain-atmelavr/bin/../lib/gcc/avr/7.3.0/avrxmega3/libgcc.a(_udivmodsi4.o)
 .debug_info    0x0000000000001b23       0x9b /home/jeff/.platformio/packages/toolchain-atmelavr/bin/../lib/gcc/avr/7.3.0/avrxmega3/libgcc.a(_copy_data.o)
 .debug_info    0x0000000000001bbe       0x9b /home/jeff/.platformio/packages/toolchain-atmelavr/bin/../lib/gcc/avr/7.3.0/avrxmega3/libgcc.a(_clear_bss.o)
 .debug_info    0x0000000000001c59       0x9b /home/jeff/.platformio/packages/toolchain-atmelavr/bin/../lib/gcc/avr/7.3.0/avrxmega3/libgcc.a(_ctors.o)
 .debug_info    0x0000000000001cf4       0x9b /home/jeff/.platformio/packages/toolchain-atmelavr/bin/../lib/gcc/avr/7.3.0/avrxmega3/libgcc.a(_muluhisi3.o)
 .debug_info    0x0000000000001d8f       0x9b /home/jeff/.platformio/packages/toolchain-atmelavr/bin/../lib/gcc/avr/7.3.0/avrxmega3/libgcc.a(_muldi3.o)
 .debug_info    0x0000000000001e2a       0x9b /home/jeff/.platformio/packages/toolchain-atmelavr/bin/../lib/gcc/avr/7.3.0/avrxmega3/libgcc.a(_muldi3_6.o)
 .debug_info    0x0000000000001ec5       0x9b /home/jeff/.platformio/packages/toolchain-atmelavr/bin/../lib/gcc/avr/7.3.0/avrxmega3/libgcc.a(_udivdi3.o)
 .debug_info    0x0000000000001f60       0x9b /home/jeff/.platformio/packages/toolchain-atmelavr/bin/../lib/gcc/avr/7.3.0/avrxmega3/libgcc.a(_udivmod64.o)
 .debug_info    0x0000000000001ffb       0x9b /home/jeff/.platformio/packages/toolchain-atmelavr/bin/../lib/gcc/avr/7.3.0/avrxmega3/libgcc.a(_adddi3_s8.o)
 .debug_info    0x0000000000002096       0x9b /home/jeff/.platformio/packages/toolchain-atmelavr/bin/../lib/gcc/avr/7.3.0/avrxmega3/libgcc.a(_tablejump2.o)
 .debug_info    0x0000000000002131       0x9b /home/jeff/.platformio/packages/toolchain-atmelavr/bin/../lib/gcc/avr/7.3.0/avrxmega3/libgcc.a(_umulhisi3.o)

.debug_abbrev   0x0000000000000000     0x198c
 *(.debug_abbrev)
 .debug_abbrev  0x0000000000000000     0x1888 /home/jeff/.platformio/packages/toolchain-atmelavr/bin/../lib/gcc/avr/7.3.0/../../../../avr/lib/avrxmega3/crtattiny1616.o
 .debug_abbrev  0x0000000000001888       0x14 /home/jeff/.platformio/packages/toolchain-atmelavr/bin/../lib/gcc/avr/7.3.0/avrxmega3/libgcc.a(_exit.o)
 .debug_abbrev  0x000000000000189c       0x14 /home/jeff/.platformio/packages/toolchain-atmelavr/bin/../lib/gcc/avr/7.3.0/avrxmega3/libgcc.a(_udivmodsi4.o)
 .debug_abbrev  0x00000000000018b0       0x14 /home/jeff/.platformio/packages/toolchain-atmelavr/bin/../lib/gcc/avr/7.3.0/avrxmega3/libgcc.a(_copy_data.o)
 .debug_abbrev  0x00000000000018c4       0x14 /home/jeff/.platformio/packages/toolchain-atmelavr/bin/../lib/gcc/avr/7.3.0/avrxmega3/libgcc.a(_clear_bss.o)
 .debug_abbrev  0x00000000000018d8       0x14 /home/jeff/.platformio/packages/toolchain-atmelavr/bin/../lib/gcc/avr/7.3.0/avrxmega3/libgcc.a(_ctors.o)
 .debug_abbrev  0x00000000000018ec       0x14 /home/jeff/.platformio/packages/toolchain-atmelavr/bin/../lib/gcc/avr/7.3.0/avrxmega3/libgcc.a(_muluhisi3.o)
 .debug_abbrev  0x0000000000001900       0x14 /home/jeff/.platformio/packages/toolchain-atmelavr/bin/../lib/gcc/avr/7.3.0/avrxmega3/libgcc.a(_muldi3.o)
 .debug_abbrev  0x0000000000001914       0x14 /home/jeff/.platformio/packages/toolchain-atmelavr/bin/../lib/gcc/avr/7.3.0/avrxmega3/libgcc.a(_muldi3_6.o)
 .debug_abbrev  0x0000000000001928       0x14 /home/jeff/.platformio/packages/toolchain-atmelavr/bin/../lib/gcc/avr/7.3.0/avrxmega3/libgcc.a(_udivdi3.o)
 .debug_abbrev  0x000000000000193c       0x14 /home/jeff/.platformio/packages/toolchain-atmelavr/bin/../lib/gcc/avr/7.3.0/avrxmega3/libgcc.a(_udivmod64.o)
 .debug_abbrev  0x0000000000001950       0x14 /home/jeff/.platformio/packages/toolchain-atmelavr/bin/../lib/gcc/avr/7.3.0/avrxmega3/libgcc.a(_adddi3_s8.o)
 .debug_abbrev  0x0000000000001964       0x14 /home/jeff/.platformio/packages/toolchain-atmelavr/bin/../lib/gcc/avr/7.3.0/avrxmega3/libgcc.a(_tablejump2.o)
 .debug_abbrev  0x0000000000001978       0x14 /home/jeff/.platformio/packages/toolchain-atmelavr/bin/../lib/gcc/avr/7.3.0/avrxmega3/libgcc.a(_umulhisi3.o)

.debug_line     0x0000000000000000      0xa9b
 *(.debug_line .debug_line.* .debug_line_end)
 .debug_line    0x0000000000000000      0x151 /home/jeff/.platformio/packages/toolchain-atmelavr/bin/../lib/gcc/avr/7.3.0/../../../../avr/lib/avrxmega3/crtattiny1616.o
 .debug_line    0x0000000000000151       0x62 /home/jeff/.platformio/packages/toolchain-atmelavr/bin/../lib/gcc/avr/7.3.0/avrxmega3/libgcc.a(_exit.o)
 .debug_line    0x00000000000001b3      0x122 /home/jeff/.platformio/packages/toolchain-atmelavr/bin/../lib/gcc/avr/7.3.0/avrxmega3/libgcc.a(_udivmodsi4.o)
 .debug_line    0x00000000000002d5       0x98 /home/jeff/.platformio/packages/toolchain-atmelavr/bin/../lib/gcc/avr/7.3.0/avrxmega3/libgcc.a(_copy_data.o)
 .debug_line    0x000000000000036d       0x86 /home/jeff/.platformio/packages/toolchain-atmelavr/bin/../lib/gcc/avr/7.3.0/avrxmega3/libgcc.a(_clear_bss.o)
 .debug_line    0x00000000000003f3       0x92 /home/jeff/.platformio/packages/toolchain-atmelavr/bin/../lib/gcc/avr/7.3.0/avrxmega3/libgcc.a(_ctors.o)
 .debug_line    0x0000000000000485       0x92 /home/jeff/.platformio/packages/toolchain-atmelavr/bin/../lib/gcc/avr/7.3.0/avrxmega3/libgcc.a(_muluhisi3.o)
 .debug_line    0x0000000000000517      0x170 /home/jeff/.platformio/packages/toolchain-atmelavr/bin/../lib/gcc/avr/7.3.0/avrxmega3/libgcc.a(_muldi3.o)
 .debug_line    0x0000000000000687       0x86 /home/jeff/.platformio/packages/toolchain-atmelavr/bin/../lib/gcc/avr/7.3.0/avrxmega3/libgcc.a(_muldi3_6.o)
 .debug_line    0x000000000000070d       0xa4 /home/jeff/.platformio/packages/toolchain-atmelavr/bin/../lib/gcc/avr/7.3.0/avrxmega3/libgcc.a(_udivdi3.o)
 .debug_line    0x00000000000007b1      0x146 /home/jeff/.platformio/packages/toolchain-atmelavr/bin/../lib/gcc/avr/7.3.0/avrxmega3/libgcc.a(_udivmod64.o)
 .debug_line    0x00000000000008f7       0x7a /home/jeff/.platformio/packages/toolchain-atmelavr/bin/../lib/gcc/avr/7.3.0/avrxmega3/libgcc.a(_adddi3_s8.o)
 .debug_line    0x0000000000000971       0x7a /home/jeff/.platformio/packages/toolchain-atmelavr/bin/../lib/gcc/avr/7.3.0/avrxmega3/libgcc.a(_tablejump2.o)
 .debug_line    0x00000000000009eb       0xb0 /home/jeff/.platformio/packages/toolchain-atmelavr/bin/../lib/gcc/avr/7.3.0/avrxmega3/libgcc.a(_umulhisi3.o)

.debug_frame
 *(.debug_frame)

.debug_str      0x0000000000000000      0xacf
 *(.debug_str)
 .debug_str     0x0000000000000000      0xacf /home/jeff/.platformio/packages/toolchain-atmelavr/bin/../lib/gcc/avr/7.3.0/../../../../avr/lib/avrxmega3/crtattiny1616.o

.debug_loc
 *(.debug_loc)

.debug_macinfo
 *(.debug_macinfo)

.debug_weaknames
 *(.debug_weaknames)

.debug_funcnames
 *(.debug_funcnames)

.debug_typenames
 *(.debug_typenames)

.debug_varnames
 *(.debug_varnames)

.debug_pubtypes
 *(.debug_pubtypes)

.debug_ranges
 *(.debug_ranges)

.debug_macro
 *(.debug_macro)
OUTPUT(.pio/build/ATtiny1616/firmware.elf elf32-avr)
LOAD linker stubs
